[2022-09-08T10:17:10.505+0200] Using G1
[2022-09-08T10:17:10.850+0200] GC(0) Pause Young (Normal) (G1 Evacuation Pause) 27M->2M(128M) 3.768ms
[2022-09-08T10:17:11.073+0200] GC(1) Pause Young (Normal) (G1 Evacuation Pause) 75M->3M(128M) 2.962ms
[2022-09-08T10:17:11.295+0200] GC(2) Pause Young (Normal) (G1 Evacuation Pause) 75M->4M(128M) 2.515ms
[2022-09-08T10:17:11.621+0200] GC(3) Pause Young (Normal) (G1 Evacuation Pause) 75M->5M(128M) 10.855ms
[2022-09-08T10:17:12.110+0200] GC(4) Pause Young (Normal) (G1 Evacuation Pause) 75M->6M(128M) 4.549ms
[2022-09-08T10:17:12.194+0200] GC(5) Pause Young (Concurrent Start) (Metadata GC Threshold) 30M->6M(128M) 11.094ms
[2022-09-08T10:17:12.194+0200] GC(6) Concurrent Cycle
[2022-09-08T10:17:12.200+0200] GC(6) Pause Remark 8M->8M(128M) 1.696ms
[2022-09-08T10:17:12.202+0200] GC(6) Pause Cleanup 9M->9M(128M) 0.045ms
[2022-09-08T10:17:12.203+0200] GC(6) Concurrent Cycle 8.340ms
[2022-09-08T10:17:12.335+0200] GC(7) Pause Young (Normal) (G1 Evacuation Pause) 78M->6M(128M) 8.839ms
[2022-09-08T10:17:12.463+0200] GC(8) Pause Young (Normal) (G1 Evacuation Pause) 78M->7M(128M) 13.523ms
[2022-09-08T10:17:12.573+0200] GC(9) Pause Young (Normal) (G1 Evacuation Pause) 78M->7M(128M) 4.489ms
[2022-09-08T10:17:12.774+0200] GC(10) Pause Young (Normal) (G1 Evacuation Pause) 78M->8M(128M) 6.504ms
[2022-09-08T10:17:13.166+0200] GC(11) Pause Young (Normal) (G1 Evacuation Pause) 78M->10M(128M) 11.181ms
[2022-09-08T10:17:13.440+0200] GC(12) Pause Young (Concurrent Start) (Metadata GC Threshold) 55M->9M(128M) 19.331ms
[2022-09-08T10:17:13.440+0200] GC(13) Concurrent Cycle
[2022-09-08T10:17:13.462+0200] GC(13) Pause Remark 11M->11M(128M) 10.211ms
[2022-09-08T10:17:13.468+0200] GC(13) Pause Cleanup 11M->11M(128M) 2.472ms
[2022-09-08T10:17:13.468+0200] GC(13) Concurrent Cycle 28.278ms
[2022-09-08T10:17:13.770+0200] GC(14) Pause Young (Normal) (G1 Evacuation Pause) 80M->9M(128M) 27.060ms
[2022-09-08T10:17:14.157+0200] GC(15) Pause Young (Normal) (G1 Evacuation Pause) 79M->10M(128M) 13.897ms
[2022-09-08T10:17:14.424+0200] GC(16) Pause Young (Normal) (GCLocker Initiated GC) 80M->11M(128M) 14.672ms
[2022-09-08T10:17:14.613+0200] GC(17) Pause Young (Normal) (G1 Evacuation Pause) 81M->12M(128M) 4.072ms
[2022-09-08T10:17:14.822+0200] GC(18) Pause Young (Normal) (G1 Evacuation Pause) 82M->13M(128M) 3.568ms
[2022-09-08T10:17:15.117+0200] GC(19) Pause Young (Normal) (G1 Evacuation Pause) 82M->14M(128M) 3.186ms
[2022-09-08T10:17:15.393+0200] GC(20) Pause Young (Normal) (G1 Evacuation Pause) 84M->14M(128M) 8.532ms
[2022-09-08T10:17:15.890+0200] GC(21) Pause Young (Normal) (G1 Evacuation Pause) 84M->16M(128M) 4.643ms
[2022-09-08T10:17:16.298+0200] GC(22) Pause Young (Normal) (G1 Evacuation Pause) 85M->17M(128M) 7.518ms
[2022-09-08T10:17:16.607+0200] GC(23) Pause Young (Normal) (G1 Evacuation Pause) 86M->19M(128M) 4.935ms
[2022-09-08T10:17:17.059+0200] GC(24) Pause Young (Normal) (G1 Evacuation Pause) 88M->20M(128M) 7.415ms
[2022-09-08T10:17:17.526+0200] GC(25) Pause Young (Normal) (G1 Evacuation Pause) 89M->21M(128M) 15.522ms
[2022-09-08T10:17:17.756+0200] GC(26) Pause Young (Normal) (G1 Evacuation Pause) 91M->22M(128M) 8.950ms
[2022-09-08T10:17:17.945+0200] GC(27) Pause Young (Normal) (G1 Evacuation Pause) 92M->22M(128M) 12.729ms
[2022-09-08T10:17:18.064+0200] GC(28) Pause Young (Concurrent Start) (Metadata GC Threshold) 56M->22M(128M) 8.093ms
[2022-09-08T10:17:18.064+0200] GC(29) Concurrent Cycle
[2022-09-08T10:17:18.111+0200] GC(29) Pause Remark 32M->32M(128M) 18.771ms
[2022-09-08T10:17:18.126+0200] GC(29) Pause Cleanup 36M->36M(128M) 0.051ms
[2022-09-08T10:17:18.126+0200] GC(29) Concurrent Cycle 62.454ms
[2022-09-08T10:17:18.258+0200] GC(30) Pause Young (Normal) (G1 Evacuation Pause) 87M->22M(128M) 6.987ms
[2022-09-08T10:17:18.463+0200] GC(31) Pause Young (Normal) (G1 Evacuation Pause) 89M->22M(128M) 4.500ms
[2022-09-08T10:17:18.550+0200] GC(32) Pause Young (Normal) (G1 Evacuation Pause) 126M->36M(146M) 6.631ms
[2022-09-08T10:17:18.589+0200] GC(33) Pause Young (Concurrent Start) (G1 Humongous Allocation) 100M->38M(146M) 5.441ms
[2022-09-08T10:17:18.590+0200] GC(34) Concurrent Cycle
[2022-09-08T10:17:18.618+0200] GC(34) Pause Remark 55M->55M(146M) 3.771ms
[2022-09-08T10:17:18.633+0200] GC(34) Pause Cleanup 61M->61M(146M) 0.060ms
[2022-09-08T10:17:18.633+0200] GC(34) Concurrent Cycle 43.334ms
[2022-09-08T10:17:18.866+0200] GC(35) Pause Young (Normal) (G1 Evacuation Pause) 92M->38M(146M) 1.524ms
[2022-09-08T10:17:19.369+0200] GC(36) Pause Young (Normal) (G1 Evacuation Pause) 92M->50M(146M) 7.700ms
[2022-09-08T10:17:19.526+0200] GC(37) Pause Young (Normal) (G1 Evacuation Pause) 97M->53M(146M) 5.359ms
[2022-09-08T10:17:19.649+0200] GC(38) Pause Young (Normal) (G1 Evacuation Pause) 100M->54M(146M) 2.502ms
[2022-09-08T10:17:19.777+0200] GC(39) Pause Young (Normal) (G1 Evacuation Pause) 104M->54M(146M) 1.199ms
[2022-09-08T10:17:19.924+0200] GC(40) Pause Young (Normal) (G1 Evacuation Pause) 107M->54M(146M) 1.180ms
[2022-09-08T10:17:20.087+0200] GC(41) Pause Young (Normal) (G1 Evacuation Pause) 109M->54M(146M) 2.125ms
[2022-09-08T10:17:20.256+0200] GC(42) Pause Young (Normal) (G1 Evacuation Pause) 111M->54M(146M) 1.302ms
[2022-09-08T10:17:20.415+0200] GC(43) Pause Young (Normal) (G1 Evacuation Pause) 113M->55M(146M) 1.370ms
[2022-09-08T10:17:20.569+0200] GC(44) Pause Young (Normal) (G1 Evacuation Pause) 114M->55M(146M) 2.133ms
[2022-09-08T10:17:20.611+0200] GC(45) Pause Young (Concurrent Start) (G1 Humongous Allocation) 100M->56M(146M) 2.244ms
[2022-09-08T10:17:20.611+0200] GC(46) Concurrent Cycle
[2022-09-08T10:17:20.662+0200] GC(46) Pause Remark 135M->127M(146M) 9.971ms
[2022-09-08T10:17:20.681+0200] GC(47) Pause Young (Normal) (G1 Evacuation Pause) 151M->47M(154M) 2.873ms
[2022-09-08T10:17:20.689+0200] GC(46) Pause Cleanup 61M->61M(154M) 0.069ms
[2022-09-08T10:17:20.690+0200] GC(46) Concurrent Cycle 79.022ms
[2022-09-08T10:17:21.192+0200] GC(48) Pause Young (Prepare Mixed) (G1 Evacuation Pause) 132M->55M(154M) 5.835ms
[2022-09-08T10:17:21.203+0200] GC(49) Pause Young (Mixed) (G1 Evacuation Pause) 56M->54M(154M) 6.216ms
[2022-09-08T10:17:21.533+0200] GC(50) Pause Young (Normal) (G1 Evacuation Pause) 116M->59M(154M) 4.308ms
[2022-09-08T10:17:21.983+0200] GC(51) Pause Young (Normal) (G1 Evacuation Pause) 121M->65M(154M) 5.440ms
[2022-09-08T10:17:22.239+0200] GC(52) Pause Young (Normal) (G1 Evacuation Pause) 122M->66M(154M) 2.619ms
[2022-09-08T10:17:22.421+0200] GC(53) Pause Young (Normal) (G1 Evacuation Pause) 124M->67M(154M) 2.474ms
[2022-09-08T10:17:22.901+0200] GC(54) Pause Young (Normal) (G1 Evacuation Pause) 126M->68M(154M) 2.895ms
[2022-09-08T10:17:23.191+0200] GC(55) Pause Young (Normal) (G1 Evacuation Pause) 127M->69M(154M) 4.313ms
[2022-09-08T10:17:23.495+0200] GC(56) Pause Young (Normal) (G1 Evacuation Pause) 128M->70M(154M) 3.323ms
[2022-09-08T10:17:23.641+0200] GC(57) Pause Young (Normal) (G1 Evacuation Pause) 128M->71M(154M) 3.489ms
[2022-09-08T10:17:23.845+0200] GC(58) Pause Young (Normal) (G1 Evacuation Pause) 129M->73M(154M) 4.137ms
[2022-09-08T10:17:23.995+0200] GC(59) Pause Young (Normal) (G1 Evacuation Pause) 129M->74M(154M) 3.667ms
[2022-09-08T10:17:24.436+0200] GC(60) Pause Young (Concurrent Start) (G1 Evacuation Pause) 130M->74M(154M) 3.878ms
[2022-09-08T10:17:24.437+0200] GC(61) Concurrent Cycle
[2022-09-08T10:17:24.498+0200] GC(61) Pause Remark 81M->79M(154M) 4.881ms
[2022-09-08T10:17:24.533+0200] GC(61) Pause Cleanup 82M->82M(154M) 0.089ms
[2022-09-08T10:17:24.534+0200] GC(61) Concurrent Cycle 97.535ms
[2022-09-08T10:17:37.659+0200] GC(62) Pause Young (Prepare Mixed) (G1 Evacuation Pause) 129M->76M(154M) 4.339ms
[2022-09-08T10:17:37.676+0200] GC(63) Pause Young (Mixed) (G1 Evacuation Pause) 77M->69M(154M) 5.338ms
[2022-09-08T10:17:37.849+0200] GC(64) Pause Young (Concurrent Start) (G1 Humongous Allocation) 88M->69M(154M) 2.797ms
[2022-09-08T10:17:37.849+0200] GC(65) Concurrent Cycle
[2022-09-08T10:17:37.923+0200] GC(65) Pause Remark 75M->75M(154M) 4.796ms
[2022-09-08T10:17:37.968+0200] GC(65) Pause Cleanup 78M->78M(154M) 0.078ms
[2022-09-08T10:17:37.969+0200] GC(65) Concurrent Cycle 120.005ms
[2022-09-08T10:17:38.592+0200] GC(66) Pause Young (Prepare Mixed) (G1 Evacuation Pause) 130M->70M(154M) 1.955ms
[2022-09-08T10:17:38.652+0200] GC(67) Pause Young (Mixed) (G1 Evacuation Pause) 74M->70M(154M) 2.662ms
[2022-09-08T10:17:39.298+0200] GC(68) Pause Young (Concurrent Start) (G1 Evacuation Pause) 129M->71M(154M) 4.794ms
[2022-09-08T10:17:39.298+0200] GC(69) Concurrent Cycle
[2022-09-08T10:17:39.375+0200] GC(69) Pause Remark 78M->78M(154M) 14.620ms
[2022-09-08T10:17:39.414+0200] GC(69) Pause Cleanup 83M->83M(154M) 0.136ms
[2022-09-08T10:17:39.414+0200] GC(69) Concurrent Cycle 116.749ms
[2022-09-08T10:17:39.757+0200] GC(70) Pause Young (Normal) (G1 Evacuation Pause) 130M->72M(154M) 1.912ms
[2022-09-08T10:17:40.333+0200] GC(71) Pause Young (Concurrent Start) (G1 Humongous Allocation) 102M->77M(154M) 4.604ms
[2022-09-08T10:17:40.333+0200] GC(72) Concurrent Cycle
[2022-09-08T10:17:40.401+0200] GC(72) Pause Remark 86M->86M(154M) 5.895ms
[2022-09-08T10:17:40.439+0200] GC(72) Pause Cleanup 93M->93M(154M) 0.130ms
[2022-09-08T10:17:40.439+0200] GC(72) Concurrent Cycle 105.969ms
[2022-09-08T10:17:40.630+0200] GC(73) Pause Young (Normal) (G1 Evacuation Pause) 130M->94M(155M) 9.433ms
[2022-09-08T10:17:40.678+0200] GC(74) Pause Young (Concurrent Start) (G1 Humongous Allocation) 114M->102M(155M) 5.284ms
[2022-09-08T10:17:40.678+0200] GC(75) Concurrent Cycle
[2022-09-08T10:17:40.727+0200] GC(76) Pause Young (Normal) (G1 Evacuation Pause) 126M->111M(155M) 3.529ms
[2022-09-08T10:17:40.774+0200] GC(75) Pause Remark 119M->119M(155M) 5.735ms
[2022-09-08T10:17:40.821+0200] GC(77) Pause Young (Normal) (G1 Evacuation Pause) 126M->118M(155M) 5.218ms
[2022-09-08T10:17:40.856+0200] GC(75) Pause Cleanup 127M->127M(155M) 0.128ms
[2022-09-08T10:17:40.856+0200] GC(75) Concurrent Cycle 178.239ms
[2022-09-08T10:17:40.878+0200] GC(78) Pause Young (Prepare Mixed) (GCLocker Initiated GC) 129M->124M(155M) 3.803ms
[2022-09-08T10:17:40.901+0200] GC(79) Pause Young (Mixed) (G1 Evacuation Pause) 129M->124M(155M) 2.460ms
[2022-09-08T10:17:40.980+0200] GC(80) Pause Young (Concurrent Start) (G1 Evacuation Pause) 130M->125M(155M) 3.112ms
[2022-09-08T10:17:40.980+0200] GC(81) Concurrent Cycle
[2022-09-08T10:17:41.085+0200] GC(82) Pause Young (Normal) (G1 Evacuation Pause) 132M->125M(155M) 1.209ms
[2022-09-08T10:17:41.095+0200] GC(81) Pause Remark 125M->125M(155M) 5.567ms
[2022-09-08T10:17:41.164+0200] GC(81) Pause Cleanup 129M->129M(155M) 0.130ms
[2022-09-08T10:17:41.164+0200] GC(81) Concurrent Cycle 184.782ms
[2022-09-08T10:17:41.233+0200] GC(83) Pause Young (Prepare Mixed) (G1 Evacuation Pause) 131M->125M(155M) 1.271ms
[2022-09-08T10:17:52.794+0200] GC(84) Pause Young (Mixed) (G1 Evacuation Pause) 131M->122M(155M) 4.006ms
[2022-09-08T10:19:23.841+0200] GC(85) Pause Young (Concurrent Start) (G1 Evacuation Pause) 132M->122M(155M) 2.326ms
[2022-09-08T10:19:23.841+0200] GC(86) Concurrent Cycle
[2022-09-08T10:19:23.942+0200] GC(86) Pause Remark 124M->103M(155M) 33.919ms
[2022-09-08T10:19:23.990+0200] GC(86) Pause Cleanup 103M->103M(155M) 0.096ms
[2022-09-08T10:19:23.991+0200] GC(86) Concurrent Cycle 149.745ms
[2022-09-08T10:20:54.710+0200] GC(87) Pause Young (Prepare Mixed) (G1 Evacuation Pause) 111M->101M(155M) 3.184ms
[2022-09-08T10:21:24.983+0200] GC(88) Pause Young (Mixed) (G1 Evacuation Pause) 106M->85M(155M) 2.386ms
[2022-09-08T10:23:23.872+0200] GC(89) Pause Young (Mixed) (G1 Evacuation Pause) 91M->77M(155M) 10.416ms
[2022-09-08T10:31:23.895+0200] GC(90) Pause Young (Concurrent Start) (G1 Evacuation Pause) 113M->77M(155M) 4.106ms
[2022-09-08T10:31:23.895+0200] GC(91) Concurrent Cycle
[2022-09-08T10:31:23.997+0200] GC(91) Pause Remark 79M->79M(155M) 27.889ms
[2022-09-08T10:31:24.036+0200] GC(91) Pause Cleanup 79M->79M(155M) 0.091ms
[2022-09-08T10:31:24.037+0200] GC(91) Concurrent Cycle 141.270ms
[2022-09-08T10:34:34.696+0200] GC(92) Pause Young (Prepare Mixed) (G1 Evacuation Pause) 116M->78M(155M) 3.992ms
[2022-09-08T10:34:34.709+0200] GC(93) Pause Young (Mixed) (G1 Evacuation Pause) 84M->71M(155M) 12.101ms
[2022-09-08T10:34:34.806+0200] GC(94) Pause Young (Concurrent Start) (G1 Evacuation Pause) 116M->71M(155M) 4.944ms
[2022-09-08T10:34:34.806+0200] GC(95) Concurrent Cycle
[2022-09-08T10:34:34.901+0200] GC(95) Pause Remark 89M->89M(155M) 29.168ms
[2022-09-08T10:34:34.942+0200] GC(95) Pause Cleanup 94M->94M(155M) 0.089ms
[2022-09-08T10:34:34.942+0200] GC(95) Concurrent Cycle 136.429ms
[2022-09-08T10:34:35.034+0200] GC(96) Pause Young (Prepare Mixed) (G1 Evacuation Pause) 119M->72M(155M) 4.240ms
[2022-09-08T10:34:35.053+0200] GC(97) Pause Young (Mixed) (G1 Evacuation Pause) 78M->72M(155M) 2.387ms
[2022-09-08T10:34:35.592+0200] GC(98) Pause Young (Concurrent Start) (G1 Evacuation Pause) 122M->72M(155M) 13.536ms
[2022-09-08T10:34:35.593+0200] GC(99) Concurrent Cycle
[2022-09-08T10:34:35.669+0200] GC(99) Pause Remark 92M->92M(155M) 9.504ms
[2022-09-08T10:34:35.707+0200] GC(99) Pause Cleanup 98M->98M(155M) 0.101ms
[2022-09-08T10:34:35.708+0200] GC(99) Concurrent Cycle 115.006ms
[2022-09-08T10:34:35.891+0200] GC(100) Pause Young (Prepare Mixed) (G1 Evacuation Pause) 123M->73M(155M) 5.200ms
[2022-09-08T10:34:35.925+0200] GC(101) Pause Young (Mixed) (G1 Evacuation Pause) 78M->73M(155M) 5.416ms
[2022-09-08T10:34:37.199+0200] GC(102) Pause Young (Concurrent Start) (G1 Evacuation Pause) 124M->74M(155M) 7.097ms
[2022-09-08T10:34:37.199+0200] GC(103) Concurrent Cycle
[2022-09-08T10:34:37.298+0200] GC(103) Pause Remark 78M->78M(155M) 22.870ms
[2022-09-08T10:34:37.338+0200] GC(103) Pause Cleanup 81M->81M(155M) 0.111ms
[2022-09-08T10:34:37.339+0200] GC(103) Concurrent Cycle 140.067ms
[2022-09-08T10:34:37.974+0200] GC(104) Pause Young (Normal) (G1 Evacuation Pause) 127M->74M(155M) 1.852ms
[2022-09-08T10:34:44.522+0200] GC(105) Pause Young (Concurrent Start) (G1 Evacuation Pause) 128M->74M(155M) 2.355ms
[2022-09-08T10:34:44.522+0200] GC(106) Concurrent Cycle
[2022-09-08T10:34:44.593+0200] GC(106) Pause Remark 79M->79M(155M) 5.638ms
[2022-09-08T10:34:44.632+0200] GC(106) Pause Cleanup 79M->79M(155M) 0.113ms
[2022-09-08T10:34:44.633+0200] GC(106) Concurrent Cycle 110.789ms
[2022-09-08T10:34:52.019+0200] GC(107) Pause Young (Normal) (G1 Evacuation Pause) 128M->74M(155M) 2.037ms
[2022-09-08T10:34:57.275+0200] GC(108) Pause Young (Concurrent Start) (G1 Evacuation Pause) 129M->74M(155M) 4.019ms
[2022-09-08T10:34:57.275+0200] GC(109) Concurrent Cycle
[2022-09-08T10:34:57.363+0200] GC(109) Pause Remark 78M->78M(155M) 22.257ms
[2022-09-08T10:34:57.403+0200] GC(109) Pause Cleanup 78M->78M(155M) 0.129ms
[2022-09-08T10:34:57.404+0200] GC(109) Concurrent Cycle 128.757ms
[2022-09-08T10:35:04.526+0200] GC(110) Pause Young (Normal) (G1 Evacuation Pause) 129M->74M(155M) 4.700ms
[2022-09-08T10:35:12.596+0200] GC(111) Pause Young (Concurrent Start) (G1 Evacuation Pause) 130M->74M(155M) 15.252ms
[2022-09-08T10:35:12.596+0200] GC(112) Concurrent Cycle
[2022-09-08T10:35:12.683+0200] GC(112) Pause Remark 74M->74M(155M) 19.266ms
[2022-09-08T10:35:12.729+0200] GC(112) Pause Cleanup 77M->77M(155M) 0.184ms
[2022-09-08T10:35:12.730+0200] GC(112) Concurrent Cycle 133.886ms
[2022-09-08T10:35:18.546+0200] GC(113) Pause Young (Normal) (G1 Evacuation Pause) 131M->74M(155M) 2.189ms
[2022-09-08T10:35:26.555+0200] GC(114) Pause Young (Concurrent Start) (G1 Evacuation Pause) 131M->74M(155M) 2.820ms
[2022-09-08T10:35:26.555+0200] GC(115) Concurrent Cycle
[2022-09-08T10:35:26.632+0200] GC(115) Pause Remark 75M->75M(155M) 11.643ms
[2022-09-08T10:35:26.672+0200] GC(115) Pause Cleanup 75M->75M(155M) 0.118ms
[2022-09-08T10:35:26.672+0200] GC(115) Concurrent Cycle 116.991ms
[2022-09-08T10:35:33.424+0200] GC(116) Pause Young (Normal) (G1 Evacuation Pause) 132M->74M(155M) 10.077ms
[2022-09-08T10:35:42.527+0200] GC(117) Pause Young (Concurrent Start) (G1 Evacuation Pause) 132M->74M(155M) 4.193ms
[2022-09-08T10:35:42.527+0200] GC(118) Concurrent Cycle
[2022-09-08T10:35:42.611+0200] GC(118) Pause Remark 78M->78M(155M) 7.470ms
[2022-09-08T10:35:42.650+0200] GC(118) Pause Cleanup 78M->78M(155M) 0.113ms
[2022-09-08T10:35:42.650+0200] GC(118) Concurrent Cycle 123.233ms
[2022-09-08T10:35:48.925+0200] GC(119) Pause Young (Normal) (G1 Evacuation Pause) 133M->74M(155M) 3.542ms
[2022-09-08T10:35:58.529+0200] GC(120) Pause Young (Concurrent Start) (G1 Evacuation Pause) 133M->74M(155M) 2.968ms
[2022-09-08T10:35:58.529+0200] GC(121) Concurrent Cycle
[2022-09-08T10:35:58.598+0200] GC(121) Pause Remark 77M->77M(155M) 6.619ms
[2022-09-08T10:35:58.639+0200] GC(121) Pause Cleanup 77M->77M(155M) 0.131ms
[2022-09-08T10:35:58.639+0200] GC(121) Concurrent Cycle 110.111ms
[2022-09-08T10:36:04.539+0200] GC(122) Pause Young (Normal) (G1 Evacuation Pause) 134M->74M(155M) 2.884ms
[2022-09-08T10:36:08.610+0200] GC(123) Pause Young (Concurrent Start) (G1 Evacuation Pause) 134M->74M(155M) 3.095ms
[2022-09-08T10:36:08.610+0200] GC(124) Concurrent Cycle
[2022-09-08T10:36:08.682+0200] GC(124) Pause Remark 94M->94M(155M) 6.540ms
[2022-09-08T10:36:08.721+0200] GC(124) Pause Cleanup 105M->105M(155M) 0.126ms
[2022-09-08T10:36:08.722+0200] GC(124) Concurrent Cycle 111.268ms
[2022-09-08T10:36:08.810+0200] GC(125) Pause Young (Normal) (G1 Evacuation Pause) 134M->74M(155M) 2.842ms
[2022-09-08T10:36:09.080+0200] GC(126) Pause Young (Concurrent Start) (G1 Evacuation Pause) 134M->76M(155M) 3.328ms
[2022-09-08T10:36:09.080+0200] GC(127) Concurrent Cycle
[2022-09-08T10:36:09.155+0200] GC(127) Pause Remark 105M->105M(155M) 7.022ms
[2022-09-08T10:36:09.196+0200] GC(127) Pause Cleanup 122M->122M(155M) 0.117ms
[2022-09-08T10:36:09.196+0200] GC(127) Concurrent Cycle 115.484ms
[2022-09-08T10:36:09.261+0200] GC(128) Pause Young (Normal) (G1 Evacuation Pause) 135M->77M(155M) 4.180ms
[2022-09-08T10:36:09.811+0200] GC(129) Pause Young (Concurrent Start) (G1 Evacuation Pause) 134M->85M(155M) 10.513ms
[2022-09-08T10:36:09.811+0200] GC(130) Concurrent Cycle
[2022-09-08T10:36:09.909+0200] GC(130) Pause Remark 121M->121M(155M) 11.090ms
[2022-09-08T10:36:09.935+0200] GC(131) Pause Young (Normal) (G1 Evacuation Pause) 127M->83M(155M) 6.736ms
[2022-09-08T10:36:09.960+0200] GC(130) Pause Cleanup 88M->88M(155M) 0.140ms
[2022-09-08T10:36:09.960+0200] GC(130) Concurrent Cycle 149.302ms
[2022-09-08T10:36:10.517+0200] GC(132) Pause Young (Normal) (G1 Evacuation Pause) 127M->86M(155M) 12.968ms
[2022-09-08T10:36:10.658+0200] GC(133) Pause Young (Concurrent Start) (G1 Evacuation Pause) 127M->87M(155M) 5.937ms
[2022-09-08T10:36:10.659+0200] GC(134) Concurrent Cycle
[2022-09-08T10:36:10.743+0200] GC(134) Pause Remark 106M->105M(155M) 10.364ms
[2022-09-08T10:36:10.787+0200] GC(134) Pause Cleanup 118M->118M(155M) 0.101ms
[2022-09-08T10:36:10.787+0200] GC(134) Concurrent Cycle 128.791ms
[2022-09-08T10:36:10.937+0200] GC(135) Pause Young (Prepare Mixed) (G1 Evacuation Pause) 129M->85M(155M) 5.629ms
[2022-09-08T10:36:10.945+0200] GC(136) Pause Young (Mixed) (G1 Evacuation Pause) 91M->81M(155M) 3.444ms
[2022-09-08T10:36:11.275+0200] GC(137) Pause Young (Concurrent Start) (G1 Evacuation Pause) 130M->90M(155M) 13.800ms
[2022-09-08T10:36:11.275+0200] GC(138) Concurrent Cycle
[2022-09-08T10:36:11.359+0200] GC(138) Pause Remark 94M->94M(155M) 13.047ms
[2022-09-08T10:36:11.403+0200] GC(138) Pause Cleanup 94M->94M(155M) 0.085ms
[2022-09-08T10:36:11.403+0200] GC(138) Concurrent Cycle 128.365ms
[2022-09-08T10:36:14.523+0200] GC(139) Pause Young (Prepare Mixed) (G1 Evacuation Pause) 125M->87M(155M) 2.643ms
[2022-09-08T10:36:14.605+0200] GC(140) Pause Young (Mixed) (G1 Evacuation Pause) 93M->83M(155M) 3.029ms
[2022-09-08T10:36:21.716+0200] GC(141) Pause Young (Concurrent Start) (G1 Evacuation Pause) 124M->83M(155M) 1.761ms
[2022-09-08T10:36:21.716+0200] GC(142) Concurrent Cycle
[2022-09-08T10:36:21.797+0200] GC(142) Pause Remark 87M->87M(155M) 6.620ms
[2022-09-08T10:36:21.849+0200] GC(142) Pause Cleanup 87M->87M(155M) 0.098ms
[2022-09-08T10:36:21.849+0200] GC(142) Concurrent Cycle 133.363ms
[2022-09-08T10:36:29.058+0200] GC(143) Pause Young (Prepare Mixed) (G1 Evacuation Pause) 126M->83M(155M) 1.480ms
[2022-09-08T10:36:29.128+0200] GC(144) Pause Young (Mixed) (G1 Evacuation Pause) 89M->81M(155M) 2.239ms
[2022-09-08T10:36:36.516+0200] GC(145) Pause Young (Concurrent Start) (G1 Evacuation Pause) 128M->81M(155M) 2.008ms
[2022-09-08T10:36:36.516+0200] GC(146) Concurrent Cycle
[2022-09-08T10:36:36.600+0200] GC(146) Pause Remark 90M->90M(155M) 6.782ms
[2022-09-08T10:36:36.653+0200] GC(146) Pause Cleanup 90M->90M(155M) 0.139ms
[2022-09-08T10:36:36.653+0200] GC(146) Concurrent Cycle 137.032ms
[2022-09-08T10:36:44.004+0200] GC(147) Pause Young (Normal) (G1 Evacuation Pause) 129M->80M(155M) 1.164ms
[2022-09-08T10:36:51.448+0200] GC(148) Pause Young (Concurrent Start) (G1 Evacuation Pause) 130M->80M(155M) 1.841ms
[2022-09-08T10:36:51.448+0200] GC(149) Concurrent Cycle
[2022-09-08T10:36:51.530+0200] GC(149) Pause Remark 83M->83M(155M) 6.552ms
[2022-09-08T10:36:51.574+0200] GC(149) Pause Cleanup 83M->83M(155M) 0.119ms
[2022-09-08T10:36:51.574+0200] GC(149) Concurrent Cycle 125.859ms
[2022-09-08T10:36:59.743+0200] GC(150) Pause Young (Normal) (G1 Evacuation Pause) 131M->80M(155M) 3.907ms
[2022-09-08T10:37:06.541+0200] GC(151) Pause Young (Concurrent Start) (G1 Evacuation Pause) 131M->81M(155M) 1.863ms
[2022-09-08T10:37:06.541+0200] GC(152) Concurrent Cycle
[2022-09-08T10:37:06.624+0200] GC(152) Pause Remark 83M->83M(155M) 11.871ms
[2022-09-08T10:37:06.668+0200] GC(152) Pause Cleanup 83M->83M(155M) 0.121ms
[2022-09-08T10:37:06.669+0200] GC(152) Concurrent Cycle 127.545ms
[2022-09-08T10:37:15.612+0200] GC(153) Pause Young (Normal) (G1 Evacuation Pause) 133M->80M(155M) 2.703ms
[2022-09-08T10:37:16.928+0200] GC(154) Pause Young (Concurrent Start) (G1 Evacuation Pause) 133M->87M(155M) 3.602ms
[2022-09-08T10:37:16.928+0200] GC(155) Concurrent Cycle
[2022-09-08T10:37:17.006+0200] GC(155) Pause Remark 109M->108M(155M) 7.185ms
[2022-09-08T10:37:17.049+0200] GC(155) Pause Cleanup 108M->108M(155M) 0.092ms
[2022-09-08T10:37:17.050+0200] GC(155) Concurrent Cycle 122.018ms
[2022-09-08T10:37:18.644+0200] GC(156) Pause Young (Prepare Mixed) (G1 Evacuation Pause) 129M->83M(155M) 1.987ms
[2022-09-08T10:37:18.650+0200] GC(157) Pause Young (Mixed) (G1 Evacuation Pause) 88M->81M(155M) 2.743ms
[2022-09-08T10:37:21.158+0200] GC(158) Pause Young (Concurrent Start) (G1 Evacuation Pause) 129M->84M(155M) 5.447ms
[2022-09-08T10:37:21.158+0200] GC(159) Concurrent Cycle
[2022-09-08T10:37:21.243+0200] GC(159) Pause Remark 89M->88M(155M) 14.947ms
[2022-09-08T10:37:21.285+0200] GC(159) Pause Cleanup 92M->92M(155M) 0.093ms
[2022-09-08T10:37:21.285+0200] GC(159) Concurrent Cycle 127.405ms
[2022-09-08T10:41:23.926+0200] GC(160) Pause Young (Prepare Mixed) (G1 Evacuation Pause) 128M->83M(155M) 5.349ms
[2022-09-08T10:41:36.762+0200] GC(161) Pause Young (Mixed) (G1 Evacuation Pause) 86M->82M(155M) 30.656ms
[2022-09-08T10:48:10.384+0200] GC(162) Pause Young (Concurrent Start) (G1 Evacuation Pause) 130M->82M(155M) 69.872ms
[2022-09-08T10:48:10.385+0200] GC(163) Concurrent Cycle
[2022-09-08T10:48:10.783+0200] GC(163) Pause Remark 82M->82M(155M) 209.941ms
[2022-09-08T10:48:10.847+0200] GC(163) Pause Cleanup 83M->83M(155M) 0.142ms
[2022-09-08T10:48:10.862+0200] GC(163) Concurrent Cycle 477.253ms
[2022-09-08T10:53:43.136+0200] GC(164) Pause Young (Prepare Mixed) (G1 Evacuation Pause) 131M->82M(155M) 4.503ms
[2022-09-08T10:54:43.512+0200] GC(165) Pause Young (Mixed) (G1 Evacuation Pause) 88M->79M(155M) 3.077ms
[2022-09-08T11:01:45.781+0200] GC(166) Pause Young (Concurrent Start) (G1 Evacuation Pause) 131M->79M(155M) 4.168ms
[2022-09-08T11:01:45.781+0200] GC(167) Concurrent Cycle
[2022-09-08T11:01:45.891+0200] GC(167) Pause Remark 80M->80M(155M) 25.181ms
[2022-09-08T11:01:45.935+0200] GC(167) Pause Cleanup 80M->80M(155M) 0.115ms
[2022-09-08T11:01:45.936+0200] GC(167) Concurrent Cycle 155.400ms
[2022-09-08T11:09:21.371+0200] GC(168) Pause Young (Prepare Mixed) (G1 Evacuation Pause) 132M->80M(155M) 2.267ms
[2022-09-08T11:09:51.460+0200] GC(169) Pause Young (Mixed) (G1 Evacuation Pause) 86M->79M(155M) 2.774ms
[2022-09-08T11:17:24.022+0200] GC(170) Pause Young (Concurrent Start) (G1 Evacuation Pause) 132M->80M(155M) 3.410ms
[2022-09-08T11:17:24.022+0200] GC(171) Concurrent Cycle
[2022-09-08T11:17:24.109+0200] GC(171) Pause Remark 80M->80M(155M) 7.198ms
[2022-09-08T11:17:24.153+0200] GC(171) Pause Cleanup 80M->80M(155M) 0.126ms
[2022-09-08T11:17:24.153+0200] GC(171) Concurrent Cycle 131.434ms
[2022-09-08T11:24:53.272+0200] GC(172) Pause Young (Normal) (G1 Evacuation Pause) 133M->79M(155M) 2.107ms
[2022-09-08T11:32:25.425+0200] GC(173) Pause Young (Concurrent Start) (G1 Evacuation Pause) 133M->79M(155M) 2.759ms
[2022-09-08T11:32:25.425+0200] GC(174) Concurrent Cycle
[2022-09-08T11:32:25.517+0200] GC(174) Pause Remark 80M->80M(155M) 7.241ms
[2022-09-08T11:32:25.561+0200] GC(174) Pause Cleanup 80M->80M(155M) 0.133ms
[2022-09-08T11:32:25.561+0200] GC(174) Concurrent Cycle 135.860ms
[2022-09-08T11:39:33.017+0200] GC(175) Pause Young (Normal) (G1 Evacuation Pause) 133M->79M(155M) 2.525ms
[2022-09-08T11:47:24.084+0200] GC(176) Pause Young (Concurrent Start) (G1 Evacuation Pause) 133M->80M(155M) 3.028ms
[2022-09-08T11:47:24.084+0200] GC(177) Concurrent Cycle
[2022-09-08T11:47:24.176+0200] GC(177) Pause Remark 80M->80M(155M) 7.735ms
[2022-09-08T11:47:24.227+0200] GC(177) Pause Cleanup 80M->80M(155M) 0.138ms
[2022-09-08T11:47:24.228+0200] GC(177) Concurrent Cycle 143.935ms
[2022-09-08T11:54:12.622+0200] GC(178) Pause Young (Normal) (G1 Evacuation Pause) 134M->80M(155M) 1.942ms
[2022-09-08T12:01:24.114+0200] GC(179) Pause Young (Concurrent Start) (G1 Evacuation Pause) 134M->80M(155M) 3.813ms
[2022-09-08T12:01:24.114+0200] GC(180) Concurrent Cycle
[2022-09-08T12:01:24.194+0200] GC(180) Pause Remark 81M->81M(155M) 9.567ms
[2022-09-08T12:01:24.237+0200] GC(180) Pause Cleanup 81M->81M(155M) 0.138ms
[2022-09-08T12:01:24.238+0200] GC(180) Concurrent Cycle 123.959ms
[2022-09-08T12:08:06.841+0200] GC(181) Pause Young (Normal) (G1 Evacuation Pause) 134M->80M(155M) 2.588ms
[2022-09-08T12:15:16.924+0200] GC(182) Pause Young (Concurrent Start) (G1 Evacuation Pause) 134M->80M(155M) 4.688ms
[2022-09-08T12:15:16.924+0200] GC(183) Concurrent Cycle
[2022-09-08T12:15:17.034+0200] GC(183) Pause Remark 80M->80M(155M) 26.499ms
[2022-09-08T12:15:17.077+0200] GC(183) Pause Cleanup 80M->80M(155M) 0.124ms
[2022-09-08T12:15:17.078+0200] GC(183) Concurrent Cycle 153.973ms
[2022-09-08T12:22:11.291+0200] GC(184) Pause Young (Normal) (G1 Evacuation Pause) 134M->80M(155M) 3.393ms
[2022-09-08T12:29:22.032+0200] GC(185) Pause Young (Concurrent Start) (G1 Evacuation Pause) 134M->80M(155M) 4.861ms
[2022-09-08T12:29:22.032+0200] GC(186) Concurrent Cycle
[2022-09-08T12:29:22.144+0200] GC(186) Pause Remark 80M->80M(155M) 28.548ms
[2022-09-08T12:29:22.188+0200] GC(186) Pause Cleanup 80M->80M(155M) 0.147ms
[2022-09-08T12:29:22.188+0200] GC(186) Concurrent Cycle 156.891ms
[2022-09-08T12:36:16.034+0200] GC(187) Pause Young (Normal) (G1 Evacuation Pause) 134M->80M(155M) 5.850ms
[2022-09-08T12:43:24.257+0200] GC(188) Pause Young (Concurrent Start) (G1 Evacuation Pause) 134M->80M(155M) 51.103ms
[2022-09-08T12:43:24.257+0200] GC(189) Concurrent Cycle
[2022-09-08T12:43:24.377+0200] GC(189) Pause Remark 83M->83M(155M) 26.382ms
[2022-09-08T12:43:24.420+0200] GC(189) Pause Cleanup 83M->83M(155M) 0.146ms
[2022-09-08T12:43:24.421+0200] GC(189) Concurrent Cycle 163.089ms
[2022-09-08T12:50:22.217+0200] GC(190) Pause Young (Normal) (G1 Evacuation Pause) 135M->80M(155M) 3.328ms
[2022-09-08T12:57:24.396+0200] GC(191) Pause Young (Concurrent Start) (G1 Evacuation Pause) 135M->80M(155M) 4.855ms
[2022-09-08T12:57:24.396+0200] GC(192) Concurrent Cycle
[2022-09-08T12:57:24.511+0200] GC(192) Pause Remark 81M->81M(155M) 29.796ms
[2022-09-08T12:57:24.557+0200] GC(192) Pause Cleanup 81M->81M(155M) 0.152ms
[2022-09-08T12:57:24.557+0200] GC(192) Concurrent Cycle 161.006ms
[2022-09-08T13:04:31.814+0200] GC(193) Pause Young (Normal) (G1 Evacuation Pause) 135M->80M(155M) 19.345ms
[2022-09-08T13:11:24.430+0200] GC(194) Pause Young (Concurrent Start) (G1 Evacuation Pause) 135M->80M(155M) 4.374ms
[2022-09-08T13:11:24.430+0200] GC(195) Concurrent Cycle
[2022-09-08T13:11:24.554+0200] GC(195) Pause Remark 80M->80M(155M) 35.945ms
[2022-09-08T13:11:24.600+0200] GC(195) Pause Cleanup 80M->80M(155M) 0.177ms
[2022-09-08T13:11:24.600+0200] GC(195) Concurrent Cycle 169.787ms
[2022-09-08T13:18:37.920+0200] GC(196) Pause Young (Normal) (G1 Evacuation Pause) 135M->80M(155M) 54.335ms
[2022-09-08T13:25:31.539+0200] GC(197) Pause Young (Concurrent Start) (G1 Evacuation Pause) 135M->80M(155M) 20.398ms
[2022-09-08T13:25:31.539+0200] GC(198) Concurrent Cycle
[2022-09-08T13:25:31.686+0200] GC(198) Pause Remark 80M->80M(155M) 51.765ms
[2022-09-08T13:25:31.733+0200] GC(198) Pause Cleanup 80M->80M(155M) 0.243ms
[2022-09-08T13:25:31.734+0200] GC(198) Concurrent Cycle 194.527ms
[2022-09-08T13:32:50.869+0200] GC(199) Pause Young (Normal) (G1 Evacuation Pause) 135M->80M(155M) 6.971ms
[2022-09-08T13:39:46.152+0200] GC(200) Pause Young (Concurrent Start) (G1 Evacuation Pause) 135M->80M(155M) 20.633ms
[2022-09-08T13:39:46.152+0200] GC(201) Concurrent Cycle
[2022-09-08T13:39:46.300+0200] GC(201) Pause Remark 80M->80M(155M) 45.651ms
[2022-09-08T13:39:46.350+0200] GC(201) Pause Cleanup 80M->80M(155M) 0.212ms
[2022-09-08T13:39:46.351+0200] GC(201) Concurrent Cycle 198.586ms
[2022-09-08T13:47:04.610+0200] GC(202) Pause Young (Normal) (G1 Evacuation Pause) 135M->80M(155M) 18.841ms
[2022-09-08T13:53:52.587+0200] GC(203) Pause Young (Concurrent Start) (G1 Evacuation Pause) 135M->80M(155M) 19.889ms
[2022-09-08T13:53:52.587+0200] GC(204) Concurrent Cycle
[2022-09-08T13:53:52.710+0200] GC(204) Pause Remark 80M->80M(155M) 46.085ms
[2022-09-08T13:53:52.773+0200] GC(204) Pause Cleanup 80M->80M(155M) 0.332ms
[2022-09-08T13:53:52.774+0200] GC(204) Concurrent Cycle 186.878ms
[2022-09-08T14:01:13.008+0200] GC(205) Pause Young (Normal) (G1 Evacuation Pause) 135M->80M(155M) 9.257ms
[2022-09-08T14:07:58.330+0200] GC(206) Pause Young (Concurrent Start) (G1 Evacuation Pause) 135M->80M(155M) 3.881ms
[2022-09-08T14:07:58.330+0200] GC(207) Concurrent Cycle
[2022-09-08T14:07:58.439+0200] GC(207) Pause Remark 80M->80M(155M) 21.296ms
[2022-09-08T14:07:58.483+0200] GC(207) Pause Cleanup 80M->80M(155M) 0.130ms
[2022-09-08T14:07:58.484+0200] GC(207) Concurrent Cycle 153.909ms
[2022-09-08T14:15:24.530+0200] GC(208) Pause Young (Prepare Mixed) (G1 Evacuation Pause) 135M->80M(155M) 2.931ms
[2022-09-08T14:15:49.993+0200] GC(209) Pause Young (Mixed) (G1 Evacuation Pause) 86M->79M(155M) 2.500ms
[2022-09-08T14:23:23.824+0200] GC(210) Pause Young (Concurrent Start) (G1 Evacuation Pause) 135M->80M(155M) 5.532ms
[2022-09-08T14:23:23.824+0200] GC(211) Concurrent Cycle
[2022-09-08T14:23:23.923+0200] GC(211) Pause Remark 80M->80M(155M) 11.688ms
[2022-09-08T14:23:23.968+0200] GC(211) Pause Cleanup 80M->80M(155M) 0.150ms
[2022-09-08T14:23:23.968+0200] GC(211) Concurrent Cycle 144.438ms
[2022-09-08T14:30:27.364+0200] GC(212) Pause Young (Normal) (G1 Evacuation Pause) 136M->80M(155M) 5.290ms
[2022-09-08T14:37:30.183+0200] GC(213) Pause Young (Concurrent Start) (G1 Evacuation Pause) 136M->79M(155M) 6.795ms
[2022-09-08T14:37:30.183+0200] GC(214) Concurrent Cycle
[2022-09-08T14:37:30.297+0200] GC(214) Pause Remark 80M->80M(155M) 21.068ms
[2022-09-08T14:37:30.343+0200] GC(214) Pause Cleanup 80M->80M(155M) 0.170ms
[2022-09-08T14:37:30.344+0200] GC(214) Concurrent Cycle 161.338ms
[2022-09-08T14:45:03.967+0200] GC(215) Pause Young (Normal) (G1 Evacuation Pause) 135M->80M(155M) 5.189ms
[2022-09-08T14:49:47.041+0200] GC(216) Pause Young (Concurrent Start) (G1 Evacuation Pause) 136M->80M(155M) 21.476ms
[2022-09-08T14:49:47.041+0200] GC(217) Concurrent Cycle
[2022-09-08T14:49:47.190+0200] GC(217) Pause Remark 80M->80M(155M) 55.887ms
[2022-09-08T14:49:47.245+0200] GC(217) Pause Cleanup 81M->81M(155M) 0.168ms
[2022-09-08T14:49:47.246+0200] GC(217) Concurrent Cycle 204.905ms
[2022-09-08T14:57:20.397+0200] GC(218) Pause Young (Normal) (G1 Evacuation Pause) 136M->80M(155M) 1.833ms
[2022-09-08T15:02:22.461+0200] GC(219) Pause Young (Concurrent Start) (G1 Evacuation Pause) 136M->80M(155M) 15.453ms
[2022-09-08T15:02:22.461+0200] GC(220) Concurrent Cycle
[2022-09-08T15:02:22.664+0200] GC(220) Pause Remark 81M->81M(155M) 99.038ms
[2022-09-08T15:02:22.719+0200] GC(220) Pause Cleanup 81M->81M(155M) 0.224ms
[2022-09-08T15:02:22.719+0200] GC(220) Concurrent Cycle 258.751ms
[2022-09-08T15:09:25.639+0200] GC(221) Pause Young (Normal) (G1 Evacuation Pause) 136M->80M(155M) 1.799ms
[2022-09-08T15:15:14.364+0200] GC(222) Pause Young (Concurrent Start) (G1 Evacuation Pause) 136M->80M(155M) 12.965ms
[2022-09-08T15:15:14.364+0200] GC(223) Concurrent Cycle
[2022-09-08T15:15:14.526+0200] GC(223) Pause Remark 81M->81M(155M) 47.656ms
[2022-09-08T15:15:14.582+0200] GC(223) Pause Cleanup 81M->81M(155M) 0.275ms
[2022-09-08T15:15:14.583+0200] GC(223) Concurrent Cycle 218.952ms
[2022-09-08T15:22:00.521+0200] GC(224) Pause Young (Normal) (G1 Evacuation Pause) 136M->80M(155M) 9.118ms
[2022-09-08T15:29:24.722+0200] GC(225) Pause Young (Concurrent Start) (G1 Evacuation Pause) 136M->80M(155M) 5.281ms
[2022-09-08T15:29:24.722+0200] GC(226) Concurrent Cycle
[2022-09-08T15:29:24.847+0200] GC(226) Pause Remark 81M->81M(155M) 38.699ms
[2022-09-08T15:29:24.892+0200] GC(226) Pause Cleanup 81M->81M(155M) 0.129ms
[2022-09-08T15:29:24.893+0200] GC(226) Concurrent Cycle 170.691ms
[2022-09-08T15:34:37.873+0200] GC(227) Pause Young (Normal) (G1 Evacuation Pause) 136M->80M(155M) 6.658ms
[2022-09-08T15:41:46.211+0200] GC(228) Pause Young (Concurrent Start) (G1 Evacuation Pause) 136M->80M(155M) 83.709ms
[2022-09-08T15:41:46.212+0200] GC(229) Concurrent Cycle
[2022-09-08T15:41:46.468+0200] GC(229) Pause Remark 80M->80M(155M) 107.492ms
[2022-09-08T15:41:46.527+0200] GC(229) Pause Cleanup 80M->80M(155M) 0.256ms
[2022-09-08T15:41:46.529+0200] GC(229) Concurrent Cycle 316.975ms
[2022-09-08T15:47:24.782+0200] GC(230) Pause Young (Normal) (G1 Evacuation Pause) 136M->80M(155M) 28.831ms
[2022-09-08T15:54:44.005+0200] GC(231) Pause Young (Concurrent Start) (G1 Evacuation Pause) 136M->80M(155M) 26.668ms
[2022-09-08T15:54:44.005+0200] GC(232) Concurrent Cycle
[2022-09-08T15:54:44.151+0200] GC(232) Pause Remark 80M->80M(155M) 29.916ms
[2022-09-08T15:54:44.217+0200] GC(232) Pause Cleanup 80M->80M(155M) 0.253ms
[2022-09-08T15:54:44.219+0200] GC(232) Concurrent Cycle 213.853ms
[2022-09-08T16:00:21.548+0200] GC(233) Pause Young (Normal) (G1 Evacuation Pause) 136M->80M(155M) 16.344ms
[2022-09-08T16:07:24.857+0200] GC(234) Pause Young (Concurrent Start) (G1 Evacuation Pause) 136M->80M(155M) 10.108ms
[2022-09-08T16:07:24.857+0200] GC(235) Concurrent Cycle
[2022-09-08T16:07:25.001+0200] GC(235) Pause Remark 82M->82M(155M) 46.836ms
[2022-09-08T16:07:25.048+0200] GC(235) Pause Cleanup 82M->82M(155M) 0.227ms
[2022-09-08T16:07:25.049+0200] GC(235) Concurrent Cycle 191.984ms
[2022-09-08T16:15:04.511+0200] GC(236) Pause Young (Normal) (G1 Evacuation Pause) 136M->80M(155M) 27.810ms
[2022-09-08T16:20:11.234+0200] GC(237) Pause Young (Concurrent Start) (G1 Evacuation Pause) 136M->80M(155M) 10.070ms
[2022-09-08T16:20:11.234+0200] GC(238) Concurrent Cycle
[2022-09-08T16:20:11.364+0200] GC(238) Pause Remark 80M->80M(155M) 28.484ms
[2022-09-08T16:20:11.415+0200] GC(238) Pause Cleanup 80M->80M(155M) 0.242ms
[2022-09-08T16:20:11.415+0200] GC(238) Concurrent Cycle 180.904ms
[2022-09-08T16:27:44.999+0200] GC(239) Pause Young (Normal) (G1 Evacuation Pause) 136M->80M(155M) 24.023ms
[2022-09-08T16:33:20.295+0200] GC(240) Pause Young (Concurrent Start) (G1 Evacuation Pause) 135M->80M(155M) 3.498ms
[2022-09-08T16:33:20.295+0200] GC(241) Concurrent Cycle
[2022-09-08T16:33:20.429+0200] GC(241) Pause Remark 81M->81M(155M) 38.158ms
[2022-09-08T16:33:20.477+0200] GC(241) Pause Cleanup 81M->81M(155M) 0.220ms
[2022-09-08T16:33:20.478+0200] GC(241) Concurrent Cycle 183.077ms
[2022-09-08T16:40:26.275+0200] GC(242) Pause Young (Prepare Mixed) (G1 Evacuation Pause) 135M->80M(155M) 38.971ms
[2022-09-08T16:41:25.034+0200] GC(243) Pause Young (Mixed) (G1 Evacuation Pause) 86M->80M(155M) 25.026ms
[2022-09-08T16:46:29.218+0200] GC(244) Pause Young (Concurrent Start) (G1 Evacuation Pause) 135M->80M(155M) 66.568ms
[2022-09-08T16:46:29.218+0200] GC(245) Concurrent Cycle
[2022-09-08T16:46:29.355+0200] GC(245) Pause Remark 80M->80M(155M) 40.842ms
[2022-09-08T16:46:29.400+0200] GC(245) Pause Cleanup 80M->80M(155M) 0.143ms
[2022-09-08T16:46:29.401+0200] GC(245) Concurrent Cycle 183.244ms
[2022-09-08T16:53:36.953+0200] GC(246) Pause Young (Normal) (G1 Evacuation Pause) 135M->80M(155M) 3.015ms
[2022-09-08T17:00:18.156+0200] GC(247) Pause Young (Concurrent Start) (G1 Evacuation Pause) 136M->80M(155M) 5.786ms
[2022-09-08T17:00:18.156+0200] GC(248) Concurrent Cycle
[2022-09-08T17:00:18.271+0200] GC(248) Pause Remark 81M->81M(155M) 39.216ms
[2022-09-08T17:00:18.321+0200] GC(248) Pause Cleanup 81M->81M(155M) 0.189ms
[2022-09-08T17:00:18.322+0200] GC(248) Concurrent Cycle 166.343ms
[2022-09-08T17:06:27.700+0200] GC(249) Pause Young (Normal) (G1 Evacuation Pause) 135M->80M(155M) 32.732ms
[2022-09-08T17:13:28.450+0200] GC(250) Pause Young (Concurrent Start) (G1 Evacuation Pause) 135M->80M(155M) 20.883ms
[2022-09-08T17:13:28.450+0200] GC(251) Concurrent Cycle
[2022-09-08T17:13:28.633+0200] GC(251) Pause Remark 80M->80M(155M) 43.621ms
[2022-09-08T17:13:28.694+0200] GC(251) Pause Cleanup 80M->80M(155M) 0.476ms
[2022-09-08T17:13:28.695+0200] GC(251) Concurrent Cycle 244.614ms
[2022-09-08T17:18:14.272+0200] GC(252) Pause Young (Normal) (G1 Evacuation Pause) 136M->80M(155M) 62.197ms
[2022-09-08T17:25:25.370+0200] GC(253) Pause Young (Concurrent Start) (G1 Evacuation Pause) 136M->80M(155M) 45.735ms
[2022-09-08T17:25:25.370+0200] GC(254) Concurrent Cycle
[2022-09-08T17:25:25.516+0200] GC(254) Pause Remark 81M->81M(155M) 53.382ms
[2022-09-08T17:25:25.568+0200] GC(254) Pause Cleanup 81M->81M(155M) 0.291ms
[2022-09-08T17:25:25.569+0200] GC(254) Concurrent Cycle 198.803ms
[2022-09-08T17:31:04.182+0200] GC(255) Pause Young (Normal) (G1 Evacuation Pause) 136M->80M(155M) 26.709ms
[2022-09-08T17:38:09.064+0200] GC(256) Pause Young (Concurrent Start) (G1 Evacuation Pause) 136M->80M(155M) 19.175ms
[2022-09-08T17:38:09.064+0200] GC(257) Concurrent Cycle
[2022-09-08T17:38:09.176+0200] GC(257) Pause Remark 80M->80M(155M) 29.485ms
[2022-09-08T17:38:09.226+0200] GC(257) Pause Cleanup 80M->80M(155M) 0.233ms
[2022-09-08T17:38:09.227+0200] GC(257) Concurrent Cycle 162.635ms
[2022-09-08T17:45:16.945+0200] GC(258) Pause Young (Normal) (G1 Evacuation Pause) 136M->80M(155M) 16.376ms
[2022-09-08T17:51:00.903+0200] GC(259) Pause Young (Concurrent Start) (G1 Evacuation Pause) 136M->80M(155M) 23.048ms
[2022-09-08T17:51:00.904+0200] GC(260) Concurrent Cycle
[2022-09-08T17:51:01.082+0200] GC(260) Pause Remark 80M->80M(155M) 74.326ms
[2022-09-08T17:51:01.148+0200] GC(260) Pause Cleanup 80M->80M(155M) 0.281ms
[2022-09-08T17:51:01.149+0200] GC(260) Concurrent Cycle 245.002ms
[2022-09-08T17:58:28.119+0200] GC(261) Pause Young (Normal) (G1 Evacuation Pause) 136M->80M(155M) 20.744ms
[2022-09-08T18:03:36.071+0200] GC(262) Pause Young (Concurrent Start) (G1 Evacuation Pause) 136M->80M(155M) 8.791ms
[2022-09-08T18:03:36.072+0200] GC(263) Concurrent Cycle
[2022-09-08T18:03:36.192+0200] GC(263) Pause Remark 80M->80M(155M) 29.347ms
[2022-09-08T18:03:36.238+0200] GC(263) Pause Cleanup 80M->80M(155M) 0.158ms
[2022-09-08T18:03:36.238+0200] GC(263) Concurrent Cycle 166.977ms
[2022-09-08T18:10:45.331+0200] GC(264) Pause Young (Normal) (G1 Evacuation Pause) 136M->80M(155M) 23.258ms
[2022-09-08T18:16:17.863+0200] GC(265) Pause Young (Concurrent Start) (G1 Evacuation Pause) 136M->80M(155M) 10.421ms
[2022-09-08T18:16:17.863+0200] GC(266) Concurrent Cycle
[2022-09-08T18:16:17.997+0200] GC(266) Pause Remark 80M->80M(155M) 37.693ms
[2022-09-08T18:16:18.046+0200] GC(266) Pause Cleanup 80M->80M(155M) 0.214ms
[2022-09-08T18:16:18.047+0200] GC(266) Concurrent Cycle 184.120ms
[2022-09-08T18:23:25.612+0200] GC(267) Pause Young (Normal) (G1 Evacuation Pause) 136M->81M(155M) 69.636ms
[2022-09-08T18:30:16.207+0200] GC(268) Pause Young (Concurrent Start) (G1 Evacuation Pause) 135M->80M(155M) 3.459ms
[2022-09-08T18:30:16.207+0200] GC(269) Concurrent Cycle
[2022-09-08T18:30:16.307+0200] GC(269) Pause Remark 90M->90M(155M) 25.680ms
[2022-09-08T18:30:16.354+0200] GC(269) Pause Cleanup 90M->90M(155M) 0.127ms
[2022-09-08T18:30:16.354+0200] GC(269) Concurrent Cycle 147.452ms
[2022-09-08T18:36:03.112+0200] GC(270) Pause Young (Prepare Mixed) (G1 Evacuation Pause) 135M->80M(155M) 44.823ms
[2022-09-08T18:37:03.841+0200] GC(271) Pause Young (Mixed) (G1 Evacuation Pause) 86M->80M(155M) 16.558ms
[2022-09-08T18:44:10.393+0200] GC(272) Pause Young (Concurrent Start) (G1 Evacuation Pause) 135M->80M(155M) 21.407ms
[2022-09-08T18:44:10.393+0200] GC(273) Concurrent Cycle
[2022-09-08T18:44:10.551+0200] GC(273) Pause Remark 80M->80M(155M) 63.208ms
[2022-09-08T18:44:10.597+0200] GC(273) Pause Cleanup 80M->80M(155M) 0.186ms
[2022-09-08T18:44:10.598+0200] GC(273) Concurrent Cycle 204.640ms
[2022-09-08T18:49:25.711+0200] GC(274) Pause Young (Normal) (G1 Evacuation Pause) 136M->80M(155M) 4.635ms
[2022-09-08T18:56:49.313+0200] GC(275) Pause Young (Concurrent Start) (G1 Evacuation Pause) 135M->80M(155M) 11.558ms
[2022-09-08T18:56:49.313+0200] GC(276) Concurrent Cycle
[2022-09-08T18:56:49.435+0200] GC(276) Pause Remark 80M->80M(155M) 32.497ms
[2022-09-08T18:56:49.479+0200] GC(276) Pause Cleanup 81M->81M(155M) 0.145ms
[2022-09-08T18:56:49.480+0200] GC(276) Concurrent Cycle 166.608ms
[2022-09-08T19:01:44.668+0200] GC(277) Pause Young (Normal) (G1 Evacuation Pause) 135M->80M(155M) 30.867ms
[2022-09-08T19:09:19.088+0200] GC(278) Pause Young (Concurrent Start) (G1 Evacuation Pause) 135M->80M(155M) 5.590ms
[2022-09-08T19:09:19.088+0200] GC(279) Concurrent Cycle
[2022-09-08T19:09:19.209+0200] GC(279) Pause Remark 80M->80M(155M) 33.958ms
[2022-09-08T19:09:19.254+0200] GC(279) Pause Cleanup 81M->81M(155M) 0.145ms
[2022-09-08T19:09:19.255+0200] GC(279) Concurrent Cycle 166.656ms
[2022-09-08T19:15:13.838+0200] GC(280) Pause Young (Normal) (G1 Evacuation Pause) 135M->80M(155M) 34.063ms
[2022-09-08T19:21:25.810+0200] GC(281) Pause Young (Concurrent Start) (G1 Evacuation Pause) 135M->80M(155M) 13.381ms
[2022-09-08T19:21:25.810+0200] GC(282) Concurrent Cycle
[2022-09-08T19:21:25.928+0200] GC(282) Pause Remark 82M->82M(155M) 41.334ms
[2022-09-08T19:21:25.973+0200] GC(282) Pause Cleanup 82M->82M(155M) 0.176ms
[2022-09-08T19:21:25.974+0200] GC(282) Concurrent Cycle 164.028ms
[2022-09-08T19:28:41.910+0200] GC(283) Pause Young (Normal) (G1 Evacuation Pause) 135M->80M(155M) 3.622ms
[2022-09-08T19:33:30.436+0200] GC(284) Pause Young (Concurrent Start) (G1 Evacuation Pause) 135M->80M(155M) 20.394ms
[2022-09-08T19:33:30.436+0200] GC(285) Concurrent Cycle
[2022-09-08T19:33:30.592+0200] GC(285) Pause Remark 81M->81M(155M) 43.750ms
[2022-09-08T19:33:30.641+0200] GC(285) Pause Cleanup 81M->81M(155M) 0.143ms
[2022-09-08T19:33:30.641+0200] GC(285) Concurrent Cycle 204.730ms
[2022-09-08T19:41:02.649+0200] GC(286) Pause Young (Normal) (G1 Evacuation Pause) 135M->80M(155M) 44.389ms
[2022-09-08T19:45:54.801+0200] GC(287) Pause Young (Concurrent Start) (G1 Evacuation Pause) 136M->80M(155M) 6.114ms
[2022-09-08T19:45:54.801+0200] GC(288) Concurrent Cycle
[2022-09-08T19:45:54.910+0200] GC(288) Pause Remark 80M->80M(155M) 29.134ms
[2022-09-08T19:45:54.958+0200] GC(288) Pause Cleanup 80M->80M(155M) 0.188ms
[2022-09-08T19:45:54.958+0200] GC(288) Concurrent Cycle 157.888ms
[2022-09-08T19:53:25.901+0200] GC(289) Pause Young (Normal) (G1 Evacuation Pause) 136M->80M(155M) 13.153ms
[2022-09-08T20:00:30.679+0200] GC(290) Pause Young (Concurrent Start) (G1 Evacuation Pause) 136M->80M(155M) 12.725ms
[2022-09-08T20:00:30.679+0200] GC(291) Concurrent Cycle
[2022-09-08T20:00:30.791+0200] GC(291) Pause Remark 86M->86M(155M) 28.432ms
[2022-09-08T20:00:30.836+0200] GC(291) Pause Cleanup 90M->90M(155M) 0.148ms
[2022-09-08T20:00:30.836+0200] GC(291) Concurrent Cycle 156.892ms
[2022-09-08T20:05:51.026+0200] GC(292) Pause Young (Normal) (G1 Evacuation Pause) 136M->80M(155M) 53.780ms
[2022-09-08T20:13:24.681+0200] GC(293) Pause Young (Concurrent Start) (G1 Evacuation Pause) 135M->80M(155M) 6.233ms
[2022-09-08T20:13:24.682+0200] GC(294) Concurrent Cycle
[2022-09-08T20:13:24.793+0200] GC(294) Pause Remark 80M->80M(155M) 25.461ms
[2022-09-08T20:13:24.839+0200] GC(294) Pause Cleanup 81M->81M(155M) 0.144ms
[2022-09-08T20:13:24.839+0200] GC(294) Concurrent Cycle 157.640ms
[2022-09-08T20:18:18.856+0200] GC(295) Pause Young (Prepare Mixed) (G1 Evacuation Pause) 135M->80M(155M) 2.703ms
[2022-09-08T20:19:19.282+0200] GC(296) Pause Young (Mixed) (G1 Evacuation Pause) 86M->80M(155M) 3.266ms
[2022-09-08T20:26:23.105+0200] GC(297) Pause Young (Concurrent Start) (G1 Evacuation Pause) 136M->80M(155M) 6.549ms
[2022-09-08T20:26:23.105+0200] GC(298) Concurrent Cycle
[2022-09-08T20:26:23.269+0200] GC(298) Pause Remark 80M->80M(155M) 57.381ms
[2022-09-08T20:26:23.317+0200] GC(298) Pause Cleanup 80M->80M(155M) 0.287ms
[2022-09-08T20:26:23.321+0200] GC(298) Concurrent Cycle 215.648ms
[2022-09-08T20:31:26.017+0200] GC(299) Pause Young (Normal) (G1 Evacuation Pause) 136M->80M(155M) 2.017ms
[2022-09-08T20:39:03.356+0200] GC(300) Pause Young (Concurrent Start) (G1 Evacuation Pause) 136M->80M(155M) 29.708ms
[2022-09-08T20:39:03.357+0200] GC(301) Concurrent Cycle
[2022-09-08T20:39:03.532+0200] GC(301) Pause Remark 80M->80M(155M) 76.210ms
[2022-09-08T20:39:03.597+0200] GC(301) Pause Cleanup 80M->80M(155M) 0.412ms
[2022-09-08T20:39:03.598+0200] GC(301) Concurrent Cycle 241.735ms
[2022-09-08T20:45:14.441+0200] GC(302) Pause Young (Normal) (G1 Evacuation Pause) 136M->80M(155M) 9.942ms
[2022-09-08T20:51:39.699+0200] GC(303) Pause Young (Concurrent Start) (G1 Evacuation Pause) 136M->80M(155M) 3.281ms
[2022-09-08T20:51:39.699+0200] GC(304) Concurrent Cycle
[2022-09-08T20:51:39.811+0200] GC(304) Pause Remark 80M->80M(155M) 25.235ms
[2022-09-08T20:51:39.863+0200] GC(304) Pause Cleanup 81M->81M(155M) 0.171ms
[2022-09-08T20:51:39.864+0200] GC(304) Concurrent Cycle 164.575ms
[2022-09-08T20:59:17.527+0200] GC(305) Pause Young (Normal) (G1 Evacuation Pause) 136M->80M(155M) 13.159ms
[2022-09-08T21:04:47.979+0200] GC(306) Pause Young (Concurrent Start) (G1 Evacuation Pause) 136M->80M(155M) 2.941ms
[2022-09-08T21:04:47.979+0200] GC(307) Concurrent Cycle
[2022-09-08T21:04:48.077+0200] GC(307) Pause Remark 81M->81M(155M) 20.166ms
[2022-09-08T21:04:48.123+0200] GC(307) Pause Cleanup 81M->81M(155M) 0.143ms
[2022-09-08T21:04:48.123+0200] GC(307) Concurrent Cycle 143.935ms
[2022-09-08T21:11:51.803+0200] GC(308) Pause Young (Normal) (G1 Evacuation Pause) 136M->80M(155M) 4.361ms
[2022-09-08T21:17:26.091+0200] GC(309) Pause Young (Concurrent Start) (G1 Evacuation Pause) 136M->80M(155M) 23.673ms
[2022-09-08T21:17:26.091+0200] GC(310) Concurrent Cycle
[2022-09-08T21:17:26.223+0200] GC(310) Pause Remark 82M->82M(155M) 38.446ms
[2022-09-08T21:17:26.270+0200] GC(310) Pause Cleanup 82M->82M(155M) 0.155ms
[2022-09-08T21:17:26.270+0200] GC(310) Concurrent Cycle 178.925ms
[2022-09-08T21:25:12.874+0200] GC(311) Pause Young (Normal) (G1 Evacuation Pause) 136M->80M(155M) 5.698ms
[2022-09-08T21:30:29.389+0200] GC(312) Pause Young (Concurrent Start) (G1 Evacuation Pause) 136M->80M(155M) 39.370ms
[2022-09-08T21:30:29.390+0200] GC(313) Concurrent Cycle
[2022-09-08T21:30:29.538+0200] GC(313) Pause Remark 81M->81M(155M) 39.181ms
[2022-09-08T21:30:29.592+0200] GC(313) Pause Cleanup 81M->81M(155M) 0.378ms
[2022-09-08T21:30:29.593+0200] GC(313) Concurrent Cycle 203.203ms
[2022-09-08T21:37:34.204+0200] GC(314) Pause Young (Normal) (G1 Evacuation Pause) 136M->80M(155M) 37.421ms
[2022-09-08T21:45:14.299+0200] GC(315) Pause Young (Concurrent Start) (G1 Evacuation Pause) 136M->80M(155M) 19.123ms
[2022-09-08T21:45:14.299+0200] GC(316) Concurrent Cycle
[2022-09-08T21:45:14.460+0200] GC(316) Pause Remark 83M->83M(155M) 49.995ms
[2022-09-08T21:45:14.506+0200] GC(316) Pause Cleanup 86M->86M(155M) 0.188ms
[2022-09-08T21:45:14.507+0200] GC(316) Concurrent Cycle 207.189ms
[2022-09-08T21:50:41.542+0200] GC(317) Pause Young (Normal) (G1 Evacuation Pause) 136M->80M(155M) 16.117ms
[2022-09-08T21:57:45.077+0200] GC(318) Pause Young (Concurrent Start) (G1 Evacuation Pause) 135M->80M(155M) 5.344ms
[2022-09-08T21:57:45.077+0200] GC(319) Concurrent Cycle
[2022-09-08T21:57:45.201+0200] GC(319) Pause Remark 80M->80M(155M) 35.758ms
[2022-09-08T21:57:45.254+0200] GC(319) Pause Cleanup 81M->81M(155M) 0.136ms
[2022-09-08T21:57:45.254+0200] GC(319) Concurrent Cycle 177.834ms
[2022-09-08T22:03:18.595+0200] GC(320) Pause Young (Prepare Mixed) (G1 Evacuation Pause) 135M->80M(155M) 35.305ms
[2022-09-08T22:03:43.658+0200] GC(321) Pause Young (Mixed) (G1 Evacuation Pause) 86M->80M(155M) 19.988ms
[2022-09-08T22:11:23.288+0200] GC(322) Pause Young (Concurrent Start) (G1 Evacuation Pause) 136M->80M(155M) 7.426ms
[2022-09-08T22:11:23.288+0200] GC(323) Concurrent Cycle
[2022-09-08T22:11:23.452+0200] GC(323) Pause Remark 80M->80M(155M) 50.482ms
[2022-09-08T22:11:23.499+0200] GC(323) Pause Cleanup 80M->80M(155M) 0.169ms
[2022-09-08T22:11:23.499+0200] GC(323) Concurrent Cycle 211.038ms
[2022-09-08T22:16:26.489+0200] GC(324) Pause Young (Normal) (G1 Evacuation Pause) 136M->80M(155M) 9.372ms
[2022-09-08T22:23:47.396+0200] GC(325) Pause Young (Concurrent Start) (G1 Evacuation Pause) 136M->80M(155M) 22.111ms
[2022-09-08T22:23:47.397+0200] GC(326) Concurrent Cycle
[2022-09-08T22:23:47.549+0200] GC(326) Pause Remark 80M->80M(155M) 48.281ms
[2022-09-08T22:23:47.599+0200] GC(326) Pause Cleanup 80M->80M(155M) 0.346ms
[2022-09-08T22:23:47.600+0200] GC(326) Concurrent Cycle 203.496ms
[2022-09-08T22:30:15.426+0200] GC(327) Pause Young (Normal) (G1 Evacuation Pause) 136M->80M(155M) 19.072ms
[2022-09-08T22:36:14.518+0200] GC(328) Pause Young (Concurrent Start) (G1 Evacuation Pause) 136M->80M(155M) 4.421ms
[2022-09-08T22:36:14.518+0200] GC(329) Concurrent Cycle
[2022-09-08T22:36:14.648+0200] GC(329) Pause Remark 80M->80M(155M) 43.159ms
[2022-09-08T22:36:14.701+0200] GC(329) Pause Cleanup 80M->80M(155M) 0.271ms
[2022-09-08T22:36:14.702+0200] GC(329) Concurrent Cycle 183.940ms
[2022-09-08T22:43:26.381+0200] GC(330) Pause Young (Normal) (G1 Evacuation Pause) 136M->80M(155M) 5.415ms
[2022-09-08T22:49:14.079+0200] GC(331) Pause Young (Concurrent Start) (G1 Evacuation Pause) 136M->80M(155M) 17.488ms
[2022-09-08T22:49:14.079+0200] GC(332) Concurrent Cycle
[2022-09-08T22:49:14.201+0200] GC(332) Pause Remark 80M->80M(155M) 31.100ms
[2022-09-08T22:49:14.246+0200] GC(332) Pause Cleanup 80M->80M(155M) 0.167ms
[2022-09-08T22:49:14.247+0200] GC(332) Concurrent Cycle 167.880ms
[2022-09-08T22:56:18.368+0200] GC(333) Pause Young (Normal) (G1 Evacuation Pause) 136M->80M(155M) 46.896ms
[2022-09-08T23:01:26.417+0200] GC(334) Pause Young (Concurrent Start) (G1 Evacuation Pause) 136M->80M(155M) 4.008ms
[2022-09-08T23:01:26.417+0200] GC(335) Concurrent Cycle
[2022-09-08T23:01:26.522+0200] GC(335) Pause Remark 82M->82M(155M) 31.164ms
[2022-09-08T23:01:26.568+0200] GC(335) Pause Cleanup 82M->82M(155M) 0.218ms
[2022-09-08T23:01:26.568+0200] GC(335) Concurrent Cycle 150.833ms
[2022-09-08T23:08:54.546+0200] GC(336) Pause Young (Normal) (G1 Evacuation Pause) 136M->80M(155M) 2.257ms
[2022-09-08T23:15:13.490+0200] GC(337) Pause Young (Concurrent Start) (G1 Evacuation Pause) 136M->80M(155M) 35.247ms
[2022-09-08T23:15:13.490+0200] GC(338) Concurrent Cycle
[2022-09-08T23:15:13.650+0200] GC(338) Pause Remark 84M->84M(155M) 47.444ms
[2022-09-08T23:15:13.715+0200] GC(338) Pause Cleanup 88M->88M(155M) 0.352ms
[2022-09-08T23:15:13.716+0200] GC(338) Concurrent Cycle 225.889ms
[2022-09-08T23:21:26.523+0200] GC(339) Pause Young (Normal) (G1 Evacuation Pause) 136M->80M(155M) 44.964ms
[2022-09-08T23:28:35.035+0200] GC(340) Pause Young (Concurrent Start) (G1 Evacuation Pause) 136M->80M(155M) 13.053ms
[2022-09-08T23:28:35.035+0200] GC(341) Concurrent Cycle
[2022-09-08T23:28:35.144+0200] GC(341) Pause Remark 80M->80M(155M) 30.208ms
[2022-09-08T23:28:35.191+0200] GC(341) Pause Cleanup 80M->80M(155M) 0.223ms
[2022-09-08T23:28:35.195+0200] GC(341) Concurrent Cycle 160.291ms
[2022-09-08T23:33:46.456+0200] GC(342) Pause Young (Normal) (G1 Evacuation Pause) 136M->80M(155M) 7.321ms
[2022-09-08T23:41:23.188+0200] GC(343) Pause Young (Concurrent Start) (G1 Evacuation Pause) 136M->80M(155M) 16.843ms
[2022-09-08T23:41:23.188+0200] GC(344) Concurrent Cycle
[2022-09-08T23:41:23.351+0200] GC(344) Pause Remark 80M->80M(155M) 50.914ms
[2022-09-08T23:41:23.402+0200] GC(344) Pause Cleanup 81M->81M(155M) 0.372ms
[2022-09-08T23:41:23.402+0200] GC(344) Concurrent Cycle 214.794ms
[2022-09-08T23:46:25.185+0200] GC(345) Pause Young (Normal) (G1 Evacuation Pause) 136M->80M(155M) 6.667ms
[2022-09-08T23:53:26.687+0200] GC(346) Pause Young (Concurrent Start) (G1 Evacuation Pause) 135M->80M(155M) 4.866ms
[2022-09-08T23:53:26.687+0200] GC(347) Concurrent Cycle
[2022-09-08T23:53:26.806+0200] GC(347) Pause Remark 80M->80M(155M) 35.848ms
[2022-09-08T23:53:26.855+0200] GC(347) Pause Cleanup 80M->80M(155M) 0.126ms
[2022-09-08T23:53:26.856+0200] GC(347) Concurrent Cycle 169.266ms
[2022-09-09T00:00:16.912+0200] GC(348) Pause Young (Prepare Mixed) (G1 Evacuation Pause) 135M->80M(155M) 32.997ms
[2022-09-09T00:00:17.222+0200] GC(349) Pause Young (Mixed) (G1 Evacuation Pause) 86M->80M(155M) 49.478ms
[2022-09-09T00:06:28.248+0200] GC(350) Pause Young (Concurrent Start) (G1 Evacuation Pause) 135M->80M(155M) 4.403ms
[2022-09-09T00:06:28.248+0200] GC(351) Concurrent Cycle
[2022-09-09T00:06:28.373+0200] GC(351) Pause Remark 80M->80M(155M) 41.501ms
[2022-09-09T00:06:28.417+0200] GC(351) Pause Cleanup 80M->80M(155M) 0.141ms
[2022-09-09T00:06:28.418+0200] GC(351) Concurrent Cycle 169.527ms
[2022-09-09T00:13:26.737+0200] GC(352) Pause Young (Normal) (G1 Evacuation Pause) 135M->80M(155M) 8.210ms
[2022-09-09T00:19:03.347+0200] GC(353) Pause Young (Concurrent Start) (G1 Evacuation Pause) 135M->80M(155M) 31.807ms
[2022-09-09T00:19:03.348+0200] GC(354) Concurrent Cycle
[2022-09-09T00:19:03.467+0200] GC(354) Pause Remark 80M->80M(155M) 26.222ms
[2022-09-09T00:19:03.516+0200] GC(354) Pause Cleanup 80M->80M(155M) 0.172ms
[2022-09-09T00:19:03.516+0200] GC(354) Concurrent Cycle 167.961ms
[2022-09-09T00:25:42.879+0200] GC(355) Pause Young (Normal) (G1 Evacuation Pause) 135M->80M(155M) 7.477ms
[2022-09-09T00:31:14.953+0200] GC(356) Pause Young (Concurrent Start) (G1 Evacuation Pause) 135M->80M(155M) 8.301ms
[2022-09-09T00:31:14.953+0200] GC(357) Concurrent Cycle
[2022-09-09T00:31:15.075+0200] GC(357) Pause Remark 80M->80M(155M) 32.648ms
[2022-09-09T00:31:15.125+0200] GC(357) Pause Cleanup 80M->80M(155M) 0.151ms
[2022-09-09T00:31:15.126+0200] GC(357) Concurrent Cycle 172.705ms
[2022-09-09T00:38:17.429+0200] GC(358) Pause Young (Normal) (G1 Evacuation Pause) 135M->80M(155M) 7.640ms
[2022-09-09T00:45:12.762+0200] GC(359) Pause Young (Concurrent Start) (G1 Evacuation Pause) 135M->80M(155M) 4.884ms
[2022-09-09T00:45:12.762+0200] GC(360) Concurrent Cycle
[2022-09-09T00:45:12.882+0200] GC(360) Pause Remark 90M->90M(155M) 21.847ms
[2022-09-09T00:45:12.930+0200] GC(360) Pause Cleanup 90M->90M(155M) 0.162ms
[2022-09-09T00:45:12.931+0200] GC(360) Concurrent Cycle 169.173ms
[2022-09-09T00:50:48.161+0200] GC(361) Pause Young (Normal) (G1 Evacuation Pause) 135M->80M(155M) 43.194ms
[2022-09-09T00:57:54.977+0200] GC(362) Pause Young (Concurrent Start) (G1 Evacuation Pause) 135M->80M(155M) 7.622ms
[2022-09-09T00:57:54.977+0200] GC(363) Concurrent Cycle
[2022-09-09T00:57:55.101+0200] GC(363) Pause Remark 80M->80M(155M) 35.023ms
[2022-09-09T00:57:55.145+0200] GC(363) Pause Cleanup 81M->81M(155M) 0.153ms
[2022-09-09T00:57:55.146+0200] GC(363) Concurrent Cycle 169.242ms
[2022-09-09T01:03:26.840+0200] GC(364) Pause Young (Normal) (G1 Evacuation Pause) 136M->80M(155M) 15.979ms
[2022-09-09T01:10:57.267+0200] GC(365) Pause Young (Concurrent Start) (G1 Evacuation Pause) 136M->80M(155M) 13.596ms
[2022-09-09T01:10:57.267+0200] GC(366) Concurrent Cycle
[2022-09-09T01:10:57.383+0200] GC(366) Pause Remark 81M->81M(155M) 28.713ms
[2022-09-09T01:10:57.427+0200] GC(366) Pause Cleanup 81M->81M(155M) 0.130ms
[2022-09-09T01:10:57.428+0200] GC(366) Concurrent Cycle 160.457ms
[2022-09-09T01:16:05.589+0200] GC(367) Pause Young (Normal) (G1 Evacuation Pause) 136M->80M(155M) 14.497ms
[2022-09-09T01:23:32.654+0200] GC(368) Pause Young (Concurrent Start) (G1 Evacuation Pause) 136M->80M(155M) 4.058ms
[2022-09-09T01:23:32.654+0200] GC(369) Concurrent Cycle
[2022-09-09T01:23:32.751+0200] GC(369) Pause Remark 80M->80M(155M) 24.224ms
[2022-09-09T01:23:32.795+0200] GC(369) Pause Cleanup 80M->80M(155M) 0.143ms
[2022-09-09T01:23:32.795+0200] GC(369) Concurrent Cycle 141.358ms
[2022-09-09T01:30:16.069+0200] GC(370) Pause Young (Normal) (G1 Evacuation Pause) 136M->80M(155M) 14.116ms
[2022-09-09T01:36:40.049+0200] GC(371) Pause Young (Concurrent Start) (G1 Evacuation Pause) 136M->80M(155M) 4.814ms
[2022-09-09T01:36:40.049+0200] GC(372) Concurrent Cycle
[2022-09-09T01:36:40.184+0200] GC(372) Pause Remark 80M->80M(155M) 34.667ms
[2022-09-09T01:36:40.230+0200] GC(372) Pause Cleanup 80M->80M(155M) 0.199ms
[2022-09-09T01:36:40.230+0200] GC(372) Concurrent Cycle 180.941ms
[2022-09-09T01:44:12.215+0200] GC(373) Pause Young (Normal) (G1 Evacuation Pause) 136M->80M(155M) 14.625ms
[2022-09-09T01:49:26.938+0200] GC(374) Pause Young (Concurrent Start) (G1 Evacuation Pause) 135M->80M(155M) 7.533ms
[2022-09-09T01:49:26.938+0200] GC(375) Concurrent Cycle
[2022-09-09T01:49:27.066+0200] GC(375) Pause Remark 82M->82M(155M) 40.375ms
[2022-09-09T01:49:27.111+0200] GC(375) Pause Cleanup 82M->82M(155M) 0.118ms
[2022-09-09T01:49:27.111+0200] GC(375) Concurrent Cycle 173.337ms
[2022-09-09T01:56:47.849+0200] GC(376) Pause Young (Prepare Mixed) (G1 Evacuation Pause) 135M->80M(155M) 60.886ms
[2022-09-09T01:57:26.964+0200] GC(377) Pause Young (Mixed) (G1 Evacuation Pause) 86M->80M(155M) 9.468ms
[2022-09-09T02:02:22.172+0200] GC(378) Pause Young (Concurrent Start) (G1 Evacuation Pause) 135M->80M(155M) 3.556ms
[2022-09-09T02:02:22.172+0200] GC(379) Concurrent Cycle
[2022-09-09T02:02:22.305+0200] GC(379) Pause Remark 80M->80M(155M) 41.341ms
[2022-09-09T02:02:22.350+0200] GC(379) Pause Cleanup 80M->80M(155M) 0.199ms
[2022-09-09T02:02:22.351+0200] GC(379) Concurrent Cycle 179.238ms
[2022-09-09T02:09:26.993+0200] GC(380) Pause Young (Normal) (G1 Evacuation Pause) 135M->80M(155M) 2.697ms
[2022-09-09T02:15:25.523+0200] GC(381) Pause Young (Concurrent Start) (G1 Evacuation Pause) 135M->80M(155M) 8.841ms
[2022-09-09T02:15:25.523+0200] GC(382) Concurrent Cycle
[2022-09-09T02:15:25.625+0200] GC(382) Pause Remark 80M->80M(155M) 28.850ms
[2022-09-09T02:15:25.669+0200] GC(382) Pause Cleanup 80M->80M(155M) 0.138ms
[2022-09-09T02:15:25.670+0200] GC(382) Concurrent Cycle 146.942ms
[2022-09-09T02:22:29.258+0200] GC(383) Pause Young (Normal) (G1 Evacuation Pause) 135M->80M(155M) 11.346ms
[2022-09-09T02:29:32.398+0200] GC(384) Pause Young (Concurrent Start) (G1 Evacuation Pause) 135M->80M(155M) 5.683ms
[2022-09-09T02:29:32.398+0200] GC(385) Concurrent Cycle
[2022-09-09T02:29:32.544+0200] GC(385) Pause Remark 80M->80M(155M) 47.308ms
[2022-09-09T02:29:32.589+0200] GC(385) Pause Cleanup 81M->81M(155M) 0.191ms
[2022-09-09T02:29:32.590+0200] GC(385) Concurrent Cycle 191.897ms
[2022-09-09T02:35:27.065+0200] GC(386) Pause Young (Normal) (G1 Evacuation Pause) 136M->80M(155M) 17.892ms
[2022-09-09T02:42:37.804+0200] GC(387) Pause Young (Concurrent Start) (G1 Evacuation Pause) 136M->80M(155M) 5.297ms
[2022-09-09T02:42:37.804+0200] GC(388) Concurrent Cycle
[2022-09-09T02:42:37.932+0200] GC(388) Pause Remark 80M->80M(155M) 41.829ms
[2022-09-09T02:42:37.981+0200] GC(388) Pause Cleanup 81M->81M(155M) 0.899ms
[2022-09-09T02:42:37.981+0200] GC(388) Concurrent Cycle 176.933ms
[2022-09-09T02:47:40.641+0200] GC(389) Pause Young (Normal) (G1 Evacuation Pause) 136M->80M(155M) 63.057ms
[2022-09-09T02:55:27.113+0200] GC(390) Pause Young (Concurrent Start) (G1 Evacuation Pause) 136M->80M(155M) 2.876ms
[2022-09-09T02:55:27.113+0200] GC(391) Concurrent Cycle
[2022-09-09T02:55:27.219+0200] GC(391) Pause Remark 82M->82M(155M) 30.152ms
[2022-09-09T02:55:27.264+0200] GC(391) Pause Cleanup 82M->82M(155M) 0.169ms
[2022-09-09T02:55:27.264+0200] GC(391) Concurrent Cycle 151.522ms
[2022-09-09T03:00:46.497+0200] GC(392) Pause Young (Normal) (G1 Evacuation Pause) 136M->80M(155M) 27.782ms
[2022-09-09T03:08:16.232+0200] GC(393) Pause Young (Concurrent Start) (G1 Evacuation Pause) 136M->80M(155M) 11.050ms
[2022-09-09T03:08:16.232+0200] GC(394) Concurrent Cycle
[2022-09-09T03:08:16.364+0200] GC(394) Pause Remark 81M->81M(155M) 42.381ms
[2022-09-09T03:08:16.409+0200] GC(394) Pause Cleanup 81M->81M(155M) 0.168ms
[2022-09-09T03:08:16.410+0200] GC(394) Concurrent Cycle 178.064ms
[2022-09-09T03:15:13.116+0200] GC(395) Pause Young (Prepare Mixed) (G1 Evacuation Pause) 135M->80M(155M) 1.756ms
[2022-09-09T03:15:13.152+0200] GC(396) Pause Young (Mixed) (G1 Evacuation Pause) 86M->80M(155M) 2.683ms
[2022-09-09T03:21:27.175+0200] GC(397) Pause Young (Concurrent Start) (G1 Evacuation Pause) 136M->80M(155M) 15.364ms
[2022-09-09T03:21:27.175+0200] GC(398) Concurrent Cycle
[2022-09-09T03:21:27.308+0200] GC(398) Pause Remark 82M->82M(155M) 38.404ms
[2022-09-09T03:21:27.356+0200] GC(398) Pause Cleanup 82M->82M(155M) 0.167ms
[2022-09-09T03:21:27.357+0200] GC(398) Concurrent Cycle 182.074ms
[2022-09-09T03:28:58.701+0200] GC(399) Pause Young (Normal) (G1 Evacuation Pause) 136M->80M(155M) 2.123ms
[2022-09-09T03:34:01.030+0200] GC(400) Pause Young (Concurrent Start) (G1 Evacuation Pause) 136M->80M(155M) 26.215ms
[2022-09-09T03:34:01.030+0200] GC(401) Concurrent Cycle
[2022-09-09T03:34:01.175+0200] GC(401) Pause Remark 80M->80M(155M) 56.654ms
[2022-09-09T03:34:01.246+0200] GC(401) Pause Cleanup 80M->80M(155M) 0.271ms
[2022-09-09T03:34:01.248+0200] GC(401) Concurrent Cycle 217.784ms
[2022-09-09T03:41:27.228+0200] GC(402) Pause Young (Normal) (G1 Evacuation Pause) 136M->80M(155M) 3.205ms
[2022-09-09T03:46:42.161+0200] GC(403) Pause Young (Concurrent Start) (G1 Evacuation Pause) 136M->80M(155M) 18.434ms
[2022-09-09T03:46:42.161+0200] GC(404) Concurrent Cycle
[2022-09-09T03:46:42.303+0200] GC(404) Pause Remark 80M->80M(155M) 48.176ms
[2022-09-09T03:46:42.349+0200] GC(404) Pause Cleanup 80M->80M(155M) 0.198ms
[2022-09-09T03:46:42.350+0200] GC(404) Concurrent Cycle 188.538ms
[2022-09-09T03:54:02.844+0200] GC(405) Pause Young (Normal) (G1 Evacuation Pause) 136M->80M(155M) 37.326ms
[2022-09-09T04:00:16.992+0200] GC(406) Pause Young (Concurrent Start) (G1 Evacuation Pause) 136M->80M(155M) 10.802ms
[2022-09-09T04:00:16.993+0200] GC(407) Concurrent Cycle
[2022-09-09T04:00:17.120+0200] GC(407) Pause Remark 83M->83M(155M) 40.816ms
[2022-09-09T04:00:17.173+0200] GC(407) Pause Cleanup 87M->87M(155M) 0.220ms
[2022-09-09T04:00:17.174+0200] GC(407) Concurrent Cycle 180.984ms
[2022-09-09T04:06:47.925+0200] GC(408) Pause Young (Normal) (G1 Evacuation Pause) 136M->80M(155M) 5.646ms
[2022-09-09T04:14:11.417+0200] GC(409) Pause Young (Concurrent Start) (G1 Evacuation Pause) 136M->80M(155M) 7.095ms
[2022-09-09T04:14:11.417+0200] GC(410) Concurrent Cycle
[2022-09-09T04:14:11.546+0200] GC(410) Pause Remark 80M->80M(155M) 41.610ms
[2022-09-09T04:14:11.590+0200] GC(410) Pause Cleanup 80M->80M(155M) 0.307ms
[2022-09-09T04:14:11.591+0200] GC(410) Concurrent Cycle 174.450ms
[2022-09-09T04:19:27.354+0200] GC(411) Pause Young (Normal) (G1 Evacuation Pause) 136M->80M(155M) 9.027ms
[2022-09-09T04:26:54.300+0200] GC(412) Pause Young (Concurrent Start) (G1 Evacuation Pause) 136M->80M(155M) 6.448ms
[2022-09-09T04:26:54.301+0200] GC(413) Concurrent Cycle
[2022-09-09T04:26:54.417+0200] GC(413) Pause Remark 81M->81M(155M) 27.542ms
[2022-09-09T04:26:54.463+0200] GC(413) Pause Cleanup 81M->81M(155M) 0.165ms
[2022-09-09T04:26:54.464+0200] GC(413) Concurrent Cycle 163.256ms
[2022-09-09T04:31:56.730+0200] GC(414) Pause Young (Normal) (G1 Evacuation Pause) 136M->80M(155M) 23.814ms
[2022-09-09T04:39:27.403+0200] GC(415) Pause Young (Concurrent Start) (G1 Evacuation Pause) 136M->80M(155M) 9.934ms
[2022-09-09T04:39:27.404+0200] GC(416) Concurrent Cycle
[2022-09-09T04:39:27.566+0200] GC(416) Pause Remark 82M->82M(155M) 62.277ms
[2022-09-09T04:39:27.618+0200] GC(416) Pause Cleanup 82M->82M(155M) 0.274ms
[2022-09-09T04:39:27.618+0200] GC(416) Concurrent Cycle 214.945ms
[2022-09-09T04:45:13.517+0200] GC(417) Pause Young (Normal) (G1 Evacuation Pause) 136M->80M(155M) 53.683ms
[2022-09-09T04:52:02.650+0200] GC(418) Pause Young (Concurrent Start) (G1 Evacuation Pause) 136M->80M(155M) 40.568ms
[2022-09-09T04:52:02.651+0200] GC(419) Concurrent Cycle
[2022-09-09T04:52:02.760+0200] GC(419) Pause Remark 80M->80M(155M) 31.050ms
[2022-09-09T04:52:02.804+0200] GC(419) Pause Cleanup 80M->80M(155M) 0.137ms
[2022-09-09T04:52:02.805+0200] GC(419) Concurrent Cycle 154.100ms
[2022-09-09T04:59:27.470+0200] GC(420) Pause Young (Normal) (G1 Evacuation Pause) 136M->80M(155M) 28.617ms
[2022-09-09T05:04:29.482+0200] GC(421) Pause Young (Concurrent Start) (G1 Evacuation Pause) 135M->80M(155M) 36.266ms
[2022-09-09T05:04:29.482+0200] GC(422) Concurrent Cycle
[2022-09-09T05:04:29.658+0200] GC(422) Pause Remark 81M->81M(155M) 62.000ms
[2022-09-09T05:04:29.709+0200] GC(422) Pause Cleanup 81M->81M(155M) 0.258ms
[2022-09-09T05:04:29.709+0200] GC(422) Concurrent Cycle 227.268ms
[2022-09-09T05:11:27.497+0200] GC(423) Pause Young (Prepare Mixed) (G1 Evacuation Pause) 135M->80M(155M) 2.406ms
[2022-09-09T05:12:02.280+0200] GC(424) Pause Young (Mixed) (G1 Evacuation Pause) 86M->80M(155M) 2.536ms
[2022-09-09T05:17:27.519+0200] GC(425) Pause Young (Concurrent Start) (G1 Evacuation Pause) 136M->80M(155M) 3.150ms
[2022-09-09T05:17:27.519+0200] GC(426) Concurrent Cycle
[2022-09-09T05:17:27.626+0200] GC(426) Pause Remark 81M->81M(155M) 33.980ms
[2022-09-09T05:17:27.671+0200] GC(426) Pause Cleanup 81M->81M(155M) 0.144ms
[2022-09-09T05:17:27.672+0200] GC(426) Concurrent Cycle 152.483ms
[2022-09-09T05:24:51.182+0200] GC(427) Pause Young (Normal) (G1 Evacuation Pause) 136M->80M(155M) 12.340ms
[2022-09-09T05:30:15.315+0200] GC(428) Pause Young (Concurrent Start) (G1 Evacuation Pause) 136M->80M(155M) 14.611ms
[2022-09-09T05:30:15.316+0200] GC(429) Concurrent Cycle
[2022-09-09T05:30:15.446+0200] GC(429) Pause Remark 82M->82M(155M) 35.758ms
[2022-09-09T05:30:15.506+0200] GC(429) Pause Cleanup 82M->82M(155M) 0.186ms
[2022-09-09T05:30:15.506+0200] GC(429) Concurrent Cycle 190.360ms
[2022-09-09T05:37:27.541+0200] GC(430) Pause Young (Normal) (G1 Evacuation Pause) 136M->80M(155M) 1.977ms
[2022-09-09T05:44:43.822+0200] GC(431) Pause Young (Concurrent Start) (G1 Evacuation Pause) 136M->80M(155M) 5.655ms
[2022-09-09T05:44:43.823+0200] GC(432) Concurrent Cycle
[2022-09-09T05:44:43.991+0200] GC(432) Pause Remark 80M->80M(155M) 63.639ms
[2022-09-09T05:44:44.041+0200] GC(432) Pause Cleanup 81M->81M(155M) 0.186ms
[2022-09-09T05:44:44.041+0200] GC(432) Concurrent Cycle 218.493ms
[2022-09-09T05:49:45.729+0200] GC(433) Pause Young (Normal) (G1 Evacuation Pause) 136M->80M(155M) 9.222ms
[2022-09-09T05:57:26.287+0200] GC(434) Pause Young (Concurrent Start) (G1 Evacuation Pause) 136M->80M(155M) 11.834ms
[2022-09-09T05:57:26.287+0200] GC(435) Concurrent Cycle
[2022-09-09T05:57:26.413+0200] GC(435) Pause Remark 80M->80M(155M) 34.276ms
[2022-09-09T05:57:26.458+0200] GC(435) Pause Cleanup 80M->80M(155M) 0.183ms
[2022-09-09T05:57:26.459+0200] GC(435) Concurrent Cycle 172.044ms
[2022-09-09T06:02:34.569+0200] GC(436) Pause Young (Normal) (G1 Evacuation Pause) 136M->80M(155M) 55.127ms
[2022-09-09T06:09:27.663+0200] GC(437) Pause Young (Concurrent Start) (G1 Evacuation Pause) 135M->80M(155M) 27.142ms
[2022-09-09T06:09:27.665+0200] GC(438) Concurrent Cycle
[2022-09-09T06:09:27.814+0200] GC(438) Pause Remark 81M->81M(155M) 40.663ms
[2022-09-09T06:09:27.860+0200] GC(438) Pause Cleanup 81M->81M(155M) 0.151ms
[2022-09-09T06:09:27.860+0200] GC(438) Concurrent Cycle 194.803ms
[2022-09-09T06:15:14.200+0200] GC(439) Pause Young (Prepare Mixed) (G1 Evacuation Pause) 135M->80M(155M) 2.560ms
[2022-09-09T06:15:27.712+0200] GC(440) Pause Young (Mixed) (G1 Evacuation Pause) 86M->80M(155M) 25.618ms
[2022-09-09T06:22:58.548+0200] GC(441) Pause Young (Concurrent Start) (G1 Evacuation Pause) 136M->80M(155M) 3.031ms
[2022-09-09T06:22:58.548+0200] GC(442) Concurrent Cycle
[2022-09-09T06:22:58.660+0200] GC(442) Pause Remark 80M->80M(155M) 26.622ms
[2022-09-09T06:22:58.705+0200] GC(442) Pause Cleanup 80M->80M(155M) 0.171ms
[2022-09-09T06:22:58.706+0200] GC(442) Concurrent Cycle 157.529ms
[2022-09-09T06:30:13.096+0200] GC(443) Pause Young (Normal) (G1 Evacuation Pause) 136M->80M(155M) 26.350ms
[2022-09-09T06:35:27.755+0200] GC(444) Pause Young (Concurrent Start) (G1 Evacuation Pause) 136M->80M(155M) 5.632ms
[2022-09-09T06:35:27.756+0200] GC(445) Concurrent Cycle
[2022-09-09T06:35:27.867+0200] GC(445) Pause Remark 81M->81M(155M) 36.288ms
[2022-09-09T06:35:27.912+0200] GC(445) Pause Cleanup 81M->81M(155M) 0.165ms
[2022-09-09T06:35:27.913+0200] GC(445) Concurrent Cycle 157.191ms
[2022-09-09T06:42:58.243+0200] GC(446) Pause Young (Normal) (G1 Evacuation Pause) 136M->80M(155M) 2.323ms
[2022-09-09T06:48:06.521+0200] GC(447) Pause Young (Concurrent Start) (G1 Evacuation Pause) 136M->80M(155M) 6.962ms
[2022-09-09T06:48:06.521+0200] GC(448) Concurrent Cycle
[2022-09-09T06:48:06.676+0200] GC(448) Pause Remark 80M->80M(155M) 56.101ms
[2022-09-09T06:48:06.734+0200] GC(448) Pause Cleanup 80M->80M(155M) 0.230ms
[2022-09-09T06:48:06.735+0200] GC(448) Concurrent Cycle 214.658ms
[2022-09-09T06:55:27.819+0200] GC(449) Pause Young (Normal) (G1 Evacuation Pause) 136M->80M(155M) 23.135ms
[2022-09-09T07:00:36.903+0200] GC(450) Pause Young (Concurrent Start) (G1 Evacuation Pause) 136M->80M(155M) 12.464ms
[2022-09-09T07:00:36.903+0200] GC(451) Concurrent Cycle
[2022-09-09T07:00:37.042+0200] GC(451) Pause Remark 80M->80M(155M) 44.223ms
[2022-09-09T07:00:37.088+0200] GC(451) Pause Cleanup 80M->80M(155M) 0.171ms
[2022-09-09T07:00:37.089+0200] GC(451) Concurrent Cycle 185.574ms
[2022-09-09T07:07:44.063+0200] GC(452) Pause Young (Normal) (G1 Evacuation Pause) 136M->80M(155M) 2.525ms
[2022-09-09T07:15:13.747+0200] GC(453) Pause Young (Concurrent Start) (G1 Evacuation Pause) 136M->80M(155M) 9.870ms
[2022-09-09T07:15:13.747+0200] GC(454) Concurrent Cycle
[2022-09-09T07:15:13.869+0200] GC(454) Pause Remark 86M->86M(155M) 28.843ms
[2022-09-09T07:15:13.914+0200] GC(454) Pause Cleanup 90M->90M(155M) 0.163ms
[2022-09-09T07:15:13.914+0200] GC(454) Concurrent Cycle 167.630ms
[2022-09-09T07:20:46.180+0200] GC(455) Pause Young (Normal) (G1 Evacuation Pause) 136M->80M(155M) 2.450ms
[2022-09-09T07:27:50.206+0200] GC(456) Pause Young (Concurrent Start) (G1 Evacuation Pause) 135M->80M(155M) 13.856ms
[2022-09-09T07:27:50.206+0200] GC(457) Concurrent Cycle
[2022-09-09T07:27:50.354+0200] GC(457) Pause Remark 80M->80M(155M) 64.029ms
[2022-09-09T07:27:50.399+0200] GC(457) Pause Cleanup 80M->80M(155M) 0.146ms
[2022-09-09T07:27:50.399+0200] GC(457) Concurrent Cycle 193.714ms
[2022-09-09T07:33:25.975+0200] GC(458) Pause Young (Prepare Mixed) (G1 Evacuation Pause) 135M->80M(155M) 13.036ms
[2022-09-09T07:33:51.639+0200] GC(459) Pause Young (Mixed) (G1 Evacuation Pause) 86M->80M(155M) 6.011ms
[2022-09-09T07:41:27.828+0200] GC(460) Pause Young (Normal) (G1 Evacuation Pause) 136M->80M(155M) 4.066ms
[2022-09-09T07:46:58.484+0200] GC(461) Pause Young (Normal) (G1 Evacuation Pause) 136M->80M(155M) 38.119ms
[2022-09-09T07:54:25.508+0200] GC(462) Pause Young (Concurrent Start) (G1 Evacuation Pause) 136M->80M(155M) 16.460ms
[2022-09-09T07:54:25.508+0200] GC(463) Concurrent Cycle
[2022-09-09T07:54:25.666+0200] GC(463) Pause Remark 80M->80M(155M) 58.472ms
[2022-09-09T07:54:25.713+0200] GC(463) Pause Cleanup 80M->80M(155M) 0.196ms
[2022-09-09T07:54:25.714+0200] GC(463) Concurrent Cycle 206.190ms
[2022-09-09T08:00:16.107+0200] GC(464) Pause Young (Normal) (G1 Evacuation Pause) 136M->80M(155M) 10.523ms
[2022-09-09T08:07:27.879+0200] GC(465) Pause Young (Concurrent Start) (G1 Evacuation Pause) 136M->80M(155M) 6.119ms
[2022-09-09T08:07:27.879+0200] GC(466) Concurrent Cycle
[2022-09-09T08:07:28.005+0200] GC(466) Pause Remark 81M->81M(155M) 37.296ms
[2022-09-09T08:07:28.051+0200] GC(466) Pause Cleanup 83M->83M(155M) 0.163ms
[2022-09-09T08:07:28.052+0200] GC(466) Concurrent Cycle 173.241ms
[2022-09-09T08:14:41.358+0200] GC(467) Pause Young (Normal) (G1 Evacuation Pause) 136M->80M(155M) 16.673ms
[2022-09-09T08:19:58.573+0200] GC(468) Pause Young (Concurrent Start) (G1 Evacuation Pause) 136M->80M(155M) 13.514ms
[2022-09-09T08:19:58.573+0200] GC(469) Concurrent Cycle
[2022-09-09T08:19:58.684+0200] GC(469) Pause Remark 80M->80M(155M) 38.188ms
[2022-09-09T08:19:58.728+0200] GC(469) Pause Cleanup 80M->80M(155M) 0.183ms
[2022-09-09T08:19:58.729+0200] GC(469) Concurrent Cycle 155.573ms
[2022-09-09T08:27:27.934+0200] GC(470) Pause Young (Normal) (G1 Evacuation Pause) 136M->80M(155M) 2.522ms
[2022-09-09T08:32:50.259+0200] GC(471) Pause Young (Concurrent Start) (G1 Evacuation Pause) 136M->80M(155M) 28.682ms
[2022-09-09T08:32:50.259+0200] GC(472) Concurrent Cycle
[2022-09-09T08:32:50.408+0200] GC(472) Pause Remark 80M->80M(155M) 47.665ms
[2022-09-09T08:32:50.460+0200] GC(472) Pause Cleanup 80M->80M(155M) 0.173ms
[2022-09-09T08:32:50.461+0200] GC(472) Concurrent Cycle 201.731ms
[2022-09-09T08:39:57.714+0200] GC(473) Pause Young (Normal) (G1 Evacuation Pause) 136M->80M(155M) 35.416ms
[2022-09-09T08:45:28.016+0200] GC(474) Pause Young (Concurrent Start) (G1 Evacuation Pause) 135M->80M(155M) 46.103ms
[2022-09-09T08:45:28.017+0200] GC(475) Concurrent Cycle
[2022-09-09T08:45:28.182+0200] GC(475) Pause Remark 84M->84M(155M) 63.470ms
[2022-09-09T08:45:28.243+0200] GC(475) Pause Cleanup 84M->84M(155M) 0.286ms
[2022-09-09T08:45:28.244+0200] GC(475) Concurrent Cycle 226.963ms
[2022-09-09T08:52:32.134+0200] GC(476) Pause Young (Prepare Mixed) (G1 Evacuation Pause) 135M->80M(155M) 17.863ms
[2022-09-09T08:53:28.082+0200] GC(477) Pause Young (Mixed) (G1 Evacuation Pause) 86M->80M(155M) 23.803ms
[2022-09-09T09:00:17.161+0200] GC(478) Pause Young (Normal) (G1 Evacuation Pause) 136M->80M(155M) 8.217ms
[2022-09-09T09:06:04.859+0200] GC(479) Pause Young (Normal) (G1 Evacuation Pause) 136M->80M(155M) 7.795ms
[2022-09-09T09:13:31.030+0200] GC(480) Pause Young (Concurrent Start) (G1 Evacuation Pause) 136M->80M(155M) 9.945ms
[2022-09-09T09:13:31.035+0200] GC(481) Concurrent Cycle
[2022-09-09T09:13:31.196+0200] GC(481) Pause Remark 80M->80M(155M) 64.254ms
[2022-09-09T09:13:31.244+0200] GC(481) Pause Cleanup 80M->80M(155M) 0.188ms
[2022-09-09T09:13:31.245+0200] GC(481) Concurrent Cycle 210.025ms
[2022-09-09T09:19:10.949+0200] GC(482) Pause Young (Normal) (G1 Evacuation Pause) 136M->80M(155M) 23.547ms
[2022-09-09T09:26:41.805+0200] GC(483) Pause Young (Concurrent Start) (G1 Evacuation Pause) 136M->80M(155M) 57.849ms
[2022-09-09T09:26:41.815+0200] GC(484) Concurrent Cycle
[2022-09-09T09:26:41.945+0200] GC(484) Pause Remark 80M->80M(155M) 33.899ms
[2022-09-09T09:26:42.001+0200] GC(484) Pause Cleanup 80M->80M(155M) 0.203ms
[2022-09-09T09:26:42.002+0200] GC(484) Concurrent Cycle 186.011ms
[2022-09-09T09:31:46.834+0200] GC(485) Pause Young (Normal) (G1 Evacuation Pause) 136M->80M(155M) 10.920ms
[2022-09-09T09:39:28.129+0200] GC(486) Pause Young (Concurrent Start) (G1 Evacuation Pause) 136M->80M(155M) 5.737ms
[2022-09-09T09:39:28.129+0200] GC(487) Concurrent Cycle
[2022-09-09T09:39:28.254+0200] GC(487) Pause Remark 81M->81M(155M) 37.145ms
[2022-09-09T09:39:28.299+0200] GC(487) Pause Cleanup 82M->82M(155M) 0.140ms
[2022-09-09T09:39:28.299+0200] GC(487) Concurrent Cycle 170.107ms
[2022-09-09T09:46:54.198+0200] GC(488) Pause Young (Normal) (G1 Evacuation Pause) 136M->80M(155M) 2.097ms
[2022-09-09T09:54:21.980+0200] GC(489) Pause Young (Concurrent Start) (G1 Evacuation Pause) 136M->80M(155M) 72.336ms
[2022-09-09T09:54:21.980+0200] GC(490) Concurrent Cycle
[2022-09-09T09:54:22.133+0200] GC(490) Pause Remark 80M->80M(155M) 49.188ms
[2022-09-09T09:54:22.179+0200] GC(490) Pause Cleanup 81M->81M(155M) 0.240ms
[2022-09-09T09:54:22.180+0200] GC(490) Concurrent Cycle 199.554ms
[2022-09-09T10:01:28.333+0200] GC(491) Pause Young (Normal) (G1 Evacuation Pause) 136M->80M(155M) 19.194ms
[2022-09-09T10:09:03.649+0200] GC(492) Pause Young (Concurrent Start) (G1 Evacuation Pause) 136M->80M(155M) 25.540ms
[2022-09-09T10:09:03.649+0200] GC(493) Concurrent Cycle
[2022-09-09T10:09:03.778+0200] GC(493) Pause Remark 80M->80M(155M) 30.105ms
[2022-09-09T10:09:03.824+0200] GC(493) Pause Cleanup 80M->80M(155M) 0.206ms
[2022-09-09T10:09:03.825+0200] GC(493) Concurrent Cycle 175.891ms
[2022-09-09T10:16:00.419+0200] GC(494) Pause Young (Prepare Mixed) (G1 Evacuation Pause) 135M->80M(155M) 12.956ms
[2022-09-09T10:17:00.893+0200] GC(495) Pause Young (Mixed) (G1 Evacuation Pause) 86M->80M(155M) 24.159ms
[2022-09-09T10:24:03.723+0200] GC(496) Pause Young (Normal) (G1 Evacuation Pause) 136M->80M(155M) 50.054ms
[2022-09-09T10:31:28.233+0200] GC(497) Pause Young (Normal) (G1 Evacuation Pause) 136M->80M(155M) 1.449ms
[2022-09-09T10:38:48.311+0200] GC(498) Pause Young (Concurrent Start) (G1 Evacuation Pause) 136M->80M(155M) 13.349ms
[2022-09-09T10:38:48.313+0200] GC(499) Concurrent Cycle
[2022-09-09T10:38:48.443+0200] GC(499) Pause Remark 80M->80M(155M) 37.539ms
[2022-09-09T10:38:48.488+0200] GC(499) Pause Cleanup 80M->80M(155M) 0.141ms
[2022-09-09T10:38:48.488+0200] GC(499) Concurrent Cycle 175.613ms
[2022-09-09T10:45:52.773+0200] GC(500) Pause Young (Normal) (G1 Evacuation Pause) 136M->80M(155M) 12.845ms
[2022-09-09T10:53:28.127+0200] GC(501) Pause Young (Concurrent Start) (G1 Evacuation Pause) 136M->80M(155M) 4.923ms
[2022-09-09T10:53:28.127+0200] GC(502) Concurrent Cycle
[2022-09-09T10:53:28.236+0200] GC(502) Pause Remark 80M->80M(155M) 31.248ms
[2022-09-09T10:53:28.284+0200] GC(502) Pause Cleanup 80M->80M(155M) 0.252ms
[2022-09-09T10:53:28.285+0200] GC(502) Concurrent Cycle 157.840ms
[2022-09-09T11:00:30.698+0200] GC(503) Pause Young (Normal) (G1 Evacuation Pause) 136M->80M(155M) 18.030ms
[2022-09-09T11:07:35.280+0200] GC(504) Pause Young (Concurrent Start) (G1 Evacuation Pause) 136M->80M(155M) 21.433ms
[2022-09-09T11:07:35.281+0200] GC(505) Concurrent Cycle
[2022-09-09T11:07:35.448+0200] GC(505) Pause Remark 80M->80M(155M) 60.024ms
[2022-09-09T11:07:35.493+0200] GC(505) Pause Cleanup 80M->80M(155M) 0.219ms
[2022-09-09T11:07:35.493+0200] GC(505) Concurrent Cycle 212.873ms
[2022-09-09T11:15:12.976+0200] GC(506) Pause Young (Normal) (G1 Evacuation Pause) 136M->80M(155M) 2.234ms
[2022-09-09T11:22:15.857+0200] GC(507) Pause Young (Concurrent Start) (G1 Evacuation Pause) 136M->80M(155M) 9.136ms
[2022-09-09T11:22:15.857+0200] GC(508) Concurrent Cycle
[2022-09-09T11:22:15.990+0200] GC(508) Pause Remark 80M->80M(155M) 34.922ms
[2022-09-09T11:22:16.036+0200] GC(508) Pause Cleanup 80M->80M(155M) 0.154ms
[2022-09-09T11:22:16.036+0200] GC(508) Concurrent Cycle 179.716ms
[2022-09-09T11:29:28.548+0200] GC(509) Pause Young (Normal) (G1 Evacuation Pause) 136M->80M(155M) 1.356ms
[2022-09-09T11:37:04.185+0200] GC(510) Pause Young (Concurrent Start) (G1 Evacuation Pause) 136M->80M(155M) 13.060ms
[2022-09-09T11:37:04.185+0200] GC(511) Concurrent Cycle
[2022-09-09T11:37:04.297+0200] GC(511) Pause Remark 80M->80M(155M) 18.060ms
[2022-09-09T11:37:04.347+0200] GC(511) Pause Cleanup 81M->81M(155M) 0.229ms
[2022-09-09T11:37:04.348+0200] GC(511) Concurrent Cycle 162.531ms
[2022-09-09T11:44:07.624+0200] GC(512) Pause Young (Normal) (G1 Evacuation Pause) 136M->80M(155M) 14.753ms
[2022-09-09T11:51:28.455+0200] GC(513) Pause Young (Concurrent Start) (G1 Evacuation Pause) 136M->80M(155M) 3.583ms
[2022-09-09T11:51:28.455+0200] GC(514) Concurrent Cycle
[2022-09-09T11:51:28.544+0200] GC(514) Pause Remark 80M->80M(155M) 12.347ms
[2022-09-09T11:51:28.590+0200] GC(514) Pause Cleanup 80M->80M(155M) 0.190ms
[2022-09-09T11:51:28.591+0200] GC(514) Concurrent Cycle 135.258ms
[2022-09-09T11:58:49.021+0200] GC(515) Pause Young (Normal) (G1 Evacuation Pause) 136M->80M(155M) 2.671ms
[2022-09-09T12:05:50.885+0200] GC(516) Pause Young (Concurrent Start) (G1 Evacuation Pause) 136M->80M(155M) 3.870ms
[2022-09-09T12:05:50.886+0200] GC(517) Concurrent Cycle
[2022-09-09T12:05:51.019+0200] GC(517) Pause Remark 80M->80M(155M) 44.770ms
[2022-09-09T12:05:51.065+0200] GC(517) Pause Cleanup 80M->80M(155M) 0.212ms
[2022-09-09T12:05:51.066+0200] GC(517) Concurrent Cycle 180.523ms
[2022-09-09T12:13:19.900+0200] GC(518) Pause Young (Normal) (G1 Evacuation Pause) 136M->80M(155M) 13.755ms
[2022-09-09T12:20:22.507+0200] GC(519) Pause Young (Concurrent Start) (G1 Evacuation Pause) 136M->80M(155M) 8.530ms
[2022-09-09T12:20:22.507+0200] GC(520) Concurrent Cycle
[2022-09-09T12:20:22.624+0200] GC(520) Pause Remark 80M->80M(155M) 37.166ms
[2022-09-09T12:20:22.670+0200] GC(520) Pause Cleanup 80M->80M(155M) 0.198ms
[2022-09-09T12:20:22.671+0200] GC(520) Concurrent Cycle 164.256ms
[2022-09-09T12:27:28.691+0200] GC(521) Pause Young (Normal) (G1 Evacuation Pause) 136M->80M(155M) 8.800ms
[2022-09-09T12:34:57.549+0200] GC(522) Pause Young (Concurrent Start) (G1 Evacuation Pause) 135M->80M(155M) 6.697ms
[2022-09-09T12:34:57.550+0200] GC(523) Concurrent Cycle
[2022-09-09T12:34:57.635+0200] GC(523) Pause Remark 80M->80M(155M) 8.539ms
[2022-09-09T12:34:57.680+0200] GC(523) Pause Cleanup 80M->80M(155M) 0.235ms
[2022-09-09T12:34:57.680+0200] GC(523) Concurrent Cycle 130.751ms
[2022-09-09T12:41:48.782+0200] GC(524) Pause Young (Prepare Mixed) (G1 Evacuation Pause) 135M->80M(155M) 23.202ms
[2022-09-09T12:42:49.646+0200] GC(525) Pause Young (Mixed) (G1 Evacuation Pause) 86M->80M(155M) 10.425ms
[2022-09-09T12:49:52.542+0200] GC(526) Pause Young (Normal) (G1 Evacuation Pause) 136M->80M(155M) 4.069ms
[2022-09-09T12:57:25.762+0200] GC(527) Pause Young (Normal) (G1 Evacuation Pause) 136M->80M(155M) 5.503ms
[2022-09-09T13:04:29.003+0200] GC(528) Pause Young (Concurrent Start) (G1 Evacuation Pause) 136M->80M(155M) 3.431ms
[2022-09-09T13:04:29.003+0200] GC(529) Concurrent Cycle
[2022-09-09T13:04:29.121+0200] GC(529) Pause Remark 80M->80M(155M) 34.555ms
[2022-09-09T13:04:29.164+0200] GC(529) Pause Cleanup 80M->80M(155M) 0.123ms
[2022-09-09T13:04:29.165+0200] GC(529) Concurrent Cycle 161.643ms
[2022-09-09T13:11:41.413+0200] GC(530) Pause Young (Normal) (G1 Evacuation Pause) 136M->80M(155M) 21.906ms
[2022-09-09T13:19:15.195+0200] GC(531) Pause Young (Concurrent Start) (G1 Evacuation Pause) 136M->80M(155M) 24.665ms
[2022-09-09T13:19:15.195+0200] GC(532) Concurrent Cycle
[2022-09-09T13:19:15.292+0200] GC(532) Pause Remark 80M->80M(155M) 21.749ms
[2022-09-09T13:19:15.339+0200] GC(532) Pause Cleanup 80M->80M(155M) 0.175ms
[2022-09-09T13:19:15.340+0200] GC(532) Concurrent Cycle 144.996ms
[2022-09-09T13:26:19.027+0200] GC(533) Pause Young (Normal) (G1 Evacuation Pause) 136M->80M(155M) 4.467ms
[2022-09-09T13:33:31.292+0200] GC(534) Pause Young (Concurrent Start) (G1 Evacuation Pause) 136M->80M(155M) 3.967ms
[2022-09-09T13:33:31.292+0200] GC(535) Concurrent Cycle
[2022-09-09T13:33:31.389+0200] GC(535) Pause Remark 80M->80M(155M) 6.243ms
[2022-09-09T13:33:31.435+0200] GC(535) Pause Cleanup 80M->80M(155M) 0.156ms
[2022-09-09T13:33:31.435+0200] GC(535) Concurrent Cycle 143.167ms
[2022-09-09T13:41:16.338+0200] GC(536) Pause Young (Normal) (G1 Evacuation Pause) 136M->80M(155M) 3.934ms
[2022-09-09T13:48:19.780+0200] GC(537) Pause Young (Concurrent Start) (G1 Evacuation Pause) 136M->80M(155M) 3.674ms
[2022-09-09T13:48:19.780+0200] GC(538) Concurrent Cycle
[2022-09-09T13:48:19.867+0200] GC(538) Pause Remark 80M->80M(155M) 7.675ms
[2022-09-09T13:48:19.913+0200] GC(538) Pause Cleanup 80M->80M(155M) 0.165ms
[2022-09-09T13:48:19.914+0200] GC(538) Concurrent Cycle 134.098ms
[2022-09-09T13:55:28.860+0200] GC(539) Pause Young (Normal) (G1 Evacuation Pause) 136M->80M(155M) 2.336ms
[2022-09-09T14:03:26.242+0200] GC(540) Pause Young (Concurrent Start) (G1 Evacuation Pause) 136M->80M(155M) 8.988ms
[2022-09-09T14:03:26.242+0200] GC(541) Concurrent Cycle
[2022-09-09T14:03:26.372+0200] GC(541) Pause Remark 80M->80M(155M) 38.796ms
[2022-09-09T14:03:26.417+0200] GC(541) Pause Cleanup 80M->80M(155M) 0.161ms
[2022-09-09T14:03:26.418+0200] GC(541) Concurrent Cycle 175.864ms
[2022-09-09T14:10:29.447+0200] GC(542) Pause Young (Normal) (G1 Evacuation Pause) 136M->80M(155M) 4.080ms
[2022-09-09T14:17:36.517+0200] GC(543) Pause Young (Concurrent Start) (G1 Evacuation Pause) 136M->80M(155M) 2.926ms
[2022-09-09T14:17:36.517+0200] GC(544) Concurrent Cycle
[2022-09-09T14:17:36.633+0200] GC(544) Pause Remark 80M->80M(155M) 42.697ms
[2022-09-09T14:17:36.680+0200] GC(544) Pause Cleanup 80M->80M(155M) 0.213ms
[2022-09-09T14:17:36.680+0200] GC(544) Concurrent Cycle 163.748ms
[2022-09-09T14:25:28.800+0200] GC(545) Pause Young (Normal) (G1 Evacuation Pause) 136M->80M(155M) 15.748ms
[2022-09-09T14:32:55.330+0200] GC(546) Pause Young (Concurrent Start) (G1 Evacuation Pause) 136M->80M(155M) 20.122ms
[2022-09-09T14:32:55.330+0200] GC(547) Concurrent Cycle
[2022-09-09T14:32:55.458+0200] GC(547) Pause Remark 80M->80M(155M) 32.789ms
[2022-09-09T14:32:55.506+0200] GC(547) Pause Cleanup 80M->80M(155M) 0.136ms
[2022-09-09T14:32:55.507+0200] GC(547) Concurrent Cycle 176.728ms
[2022-09-09T14:40:13.959+0200] GC(548) Pause Young (Normal) (G1 Evacuation Pause) 136M->80M(155M) 2.820ms
[2022-09-09T14:47:28.954+0200] GC(549) Pause Young (Concurrent Start) (G1 Evacuation Pause) 136M->80M(155M) 1.975ms
[2022-09-09T14:47:28.954+0200] GC(550) Concurrent Cycle
[2022-09-09T14:47:29.031+0200] GC(550) Pause Remark 81M->81M(155M) 5.722ms
[2022-09-09T14:47:29.075+0200] GC(550) Pause Cleanup 81M->81M(155M) 0.141ms
[2022-09-09T14:47:29.075+0200] GC(550) Concurrent Cycle 121.110ms
[2022-09-09T14:55:17.608+0200] GC(551) Pause Young (Prepare Mixed) (G1 Evacuation Pause) 135M->80M(155M) 12.331ms
[2022-09-09T14:55:28.974+0200] GC(552) Pause Young (Mixed) (G1 Evacuation Pause) 86M->80M(155M) 3.894ms
[2022-09-09T15:03:23.537+0200] GC(553) Pause Young (Normal) (G1 Evacuation Pause) 136M->80M(155M) 12.423ms
[2022-09-09T15:10:28.224+0200] GC(554) Pause Young (Normal) (G1 Evacuation Pause) 136M->80M(155M) 2.826ms
[2022-09-09T15:18:01.528+0200] GC(555) Pause Young (Concurrent Start) (G1 Evacuation Pause) 136M->80M(155M) 6.561ms
[2022-09-09T15:18:01.528+0200] GC(556) Concurrent Cycle
[2022-09-09T15:18:01.673+0200] GC(556) Pause Remark 80M->80M(155M) 50.298ms
[2022-09-09T15:18:01.721+0200] GC(556) Pause Cleanup 81M->81M(155M) 0.220ms
[2022-09-09T15:18:01.722+0200] GC(556) Concurrent Cycle 194.153ms
[2022-09-09T15:25:29.051+0200] GC(557) Pause Young (Normal) (G1 Evacuation Pause) 136M->80M(155M) 8.846ms
[2022-09-09T15:33:06.001+0200] GC(558) Pause Young (Concurrent Start) (G1 Evacuation Pause) 136M->80M(155M) 3.978ms
[2022-09-09T15:33:06.001+0200] GC(559) Concurrent Cycle
[2022-09-09T15:33:06.079+0200] GC(559) Pause Remark 80M->80M(155M) 6.323ms
[2022-09-09T15:33:06.123+0200] GC(559) Pause Cleanup 80M->80M(155M) 0.143ms
[2022-09-09T15:33:06.123+0200] GC(559) Concurrent Cycle 122.822ms
[2022-09-09T15:40:12.209+0200] GC(560) Pause Young (Normal) (G1 Evacuation Pause) 136M->80M(155M) 7.972ms
[2022-09-09T15:47:29.101+0200] GC(561) Pause Young (Concurrent Start) (G1 Evacuation Pause) 136M->80M(155M) 3.456ms
[2022-09-09T15:47:29.101+0200] GC(562) Concurrent Cycle
[2022-09-09T15:47:29.198+0200] GC(562) Pause Remark 80M->80M(155M) 8.062ms
[2022-09-09T15:47:29.242+0200] GC(562) Pause Cleanup 80M->80M(155M) 0.143ms
[2022-09-09T15:47:29.242+0200] GC(562) Concurrent Cycle 141.324ms
[2022-09-09T15:55:16.346+0200] GC(563) Pause Young (Normal) (G1 Evacuation Pause) 136M->80M(155M) 13.491ms
[2022-09-09T16:02:23.849+0200] GC(564) Pause Young (Concurrent Start) (G1 Evacuation Pause) 136M->80M(155M) 11.163ms
[2022-09-09T16:02:23.849+0200] GC(565) Concurrent Cycle
[2022-09-09T16:02:23.956+0200] GC(565) Pause Remark 80M->80M(155M) 34.392ms
[2022-09-09T16:02:24.001+0200] GC(565) Pause Cleanup 80M->80M(155M) 0.169ms
[2022-09-09T16:02:24.002+0200] GC(565) Concurrent Cycle 153.485ms
[2022-09-09T16:08:11.379+0200] GC(566) Pause Young (Normal) (G1 Evacuation Pause) 136M->80M(155M) 35.006ms